Archive member included to satisfy reference by file (symbol)

c:/st/stm32cubeide_1.0.2/stm32cubeide/plugins/com.st.stm32cube.ide.mcu.externaltools.gnu-tools-for-stm32.7-2018-q2-update.win32_1.0.0.201904181610/tools/bin/../lib/gcc/arm-none-eabi/7.3.1/../../../../arm-none-eabi/lib/thumb/v7-m\libc_nano.a(lib_a-errno.o)
                              Src/syscalls.o (__errno)
c:/st/stm32cubeide_1.0.2/stm32cubeide/plugins/com.st.stm32cube.ide.mcu.externaltools.gnu-tools-for-stm32.7-2018-q2-update.win32_1.0.0.201904181610/tools/bin/../lib/gcc/arm-none-eabi/7.3.1/../../../../arm-none-eabi/lib/thumb/v7-m\libc_nano.a(lib_a-exit.o)
                              c:/st/stm32cubeide_1.0.2/stm32cubeide/plugins/com.st.stm32cube.ide.mcu.externaltools.gnu-tools-for-stm32.7-2018-q2-update.win32_1.0.0.201904181610/tools/bin/../lib/gcc/arm-none-eabi/7.3.1/../../../../arm-none-eabi/lib/thumb/v7-m/crt0.o (exit)
c:/st/stm32cubeide_1.0.2/stm32cubeide/plugins/com.st.stm32cube.ide.mcu.externaltools.gnu-tools-for-stm32.7-2018-q2-update.win32_1.0.0.201904181610/tools/bin/../lib/gcc/arm-none-eabi/7.3.1/../../../../arm-none-eabi/lib/thumb/v7-m\libc_nano.a(lib_a-impure.o)
                              c:/st/stm32cubeide_1.0.2/stm32cubeide/plugins/com.st.stm32cube.ide.mcu.externaltools.gnu-tools-for-stm32.7-2018-q2-update.win32_1.0.0.201904181610/tools/bin/../lib/gcc/arm-none-eabi/7.3.1/../../../../arm-none-eabi/lib/thumb/v7-m\libc_nano.a(lib_a-exit.o) (_global_impure_ptr)
c:/st/stm32cubeide_1.0.2/stm32cubeide/plugins/com.st.stm32cube.ide.mcu.externaltools.gnu-tools-for-stm32.7-2018-q2-update.win32_1.0.0.201904181610/tools/bin/../lib/gcc/arm-none-eabi/7.3.1/../../../../arm-none-eabi/lib/thumb/v7-m\libc_nano.a(lib_a-init.o)
                              c:/st/stm32cubeide_1.0.2/stm32cubeide/plugins/com.st.stm32cube.ide.mcu.externaltools.gnu-tools-for-stm32.7-2018-q2-update.win32_1.0.0.201904181610/tools/bin/../lib/gcc/arm-none-eabi/7.3.1/../../../../arm-none-eabi/lib/thumb/v7-m/crt0.o (__libc_init_array)
c:/st/stm32cubeide_1.0.2/stm32cubeide/plugins/com.st.stm32cube.ide.mcu.externaltools.gnu-tools-for-stm32.7-2018-q2-update.win32_1.0.0.201904181610/tools/bin/../lib/gcc/arm-none-eabi/7.3.1/../../../../arm-none-eabi/lib/thumb/v7-m\libc_nano.a(lib_a-memset.o)
                              c:/st/stm32cubeide_1.0.2/stm32cubeide/plugins/com.st.stm32cube.ide.mcu.externaltools.gnu-tools-for-stm32.7-2018-q2-update.win32_1.0.0.201904181610/tools/bin/../lib/gcc/arm-none-eabi/7.3.1/../../../../arm-none-eabi/lib/thumb/v7-m/crt0.o (memset)
c:/st/stm32cubeide_1.0.2/stm32cubeide/plugins/com.st.stm32cube.ide.mcu.externaltools.gnu-tools-for-stm32.7-2018-q2-update.win32_1.0.0.201904181610/tools/bin/../lib/gcc/arm-none-eabi/7.3.1/../../../../arm-none-eabi/lib/thumb/v7-m\libc_nano.a(lib_a-rand.o)
                              Src/APP_FUNCTION.o (srand)
c:/st/stm32cubeide_1.0.2/stm32cubeide/plugins/com.st.stm32cube.ide.mcu.externaltools.gnu-tools-for-stm32.7-2018-q2-update.win32_1.0.0.201904181610/tools/bin/../lib/gcc/arm-none-eabi/7.3.1/../../../../arm-none-eabi/lib/thumb/v7-m\libc_nano.a(lib_a-malloc.o)
                              c:/st/stm32cubeide_1.0.2/stm32cubeide/plugins/com.st.stm32cube.ide.mcu.externaltools.gnu-tools-for-stm32.7-2018-q2-update.win32_1.0.0.201904181610/tools/bin/../lib/gcc/arm-none-eabi/7.3.1/../../../../arm-none-eabi/lib/thumb/v7-m\libc_nano.a(lib_a-rand.o) (malloc)
c:/st/stm32cubeide_1.0.2/stm32cubeide/plugins/com.st.stm32cube.ide.mcu.externaltools.gnu-tools-for-stm32.7-2018-q2-update.win32_1.0.0.201904181610/tools/bin/../lib/gcc/arm-none-eabi/7.3.1/../../../../arm-none-eabi/lib/thumb/v7-m\libc_nano.a(lib_a-nano-freer.o)
                              c:/st/stm32cubeide_1.0.2/stm32cubeide/plugins/com.st.stm32cube.ide.mcu.externaltools.gnu-tools-for-stm32.7-2018-q2-update.win32_1.0.0.201904181610/tools/bin/../lib/gcc/arm-none-eabi/7.3.1/../../../../arm-none-eabi/lib/thumb/v7-m\libc_nano.a(lib_a-malloc.o) (_free_r)
c:/st/stm32cubeide_1.0.2/stm32cubeide/plugins/com.st.stm32cube.ide.mcu.externaltools.gnu-tools-for-stm32.7-2018-q2-update.win32_1.0.0.201904181610/tools/bin/../lib/gcc/arm-none-eabi/7.3.1/../../../../arm-none-eabi/lib/thumb/v7-m\libc_nano.a(lib_a-nano-mallocr.o)
                              c:/st/stm32cubeide_1.0.2/stm32cubeide/plugins/com.st.stm32cube.ide.mcu.externaltools.gnu-tools-for-stm32.7-2018-q2-update.win32_1.0.0.201904181610/tools/bin/../lib/gcc/arm-none-eabi/7.3.1/../../../../arm-none-eabi/lib/thumb/v7-m\libc_nano.a(lib_a-malloc.o) (_malloc_r)
c:/st/stm32cubeide_1.0.2/stm32cubeide/plugins/com.st.stm32cube.ide.mcu.externaltools.gnu-tools-for-stm32.7-2018-q2-update.win32_1.0.0.201904181610/tools/bin/../lib/gcc/arm-none-eabi/7.3.1/../../../../arm-none-eabi/lib/thumb/v7-m\libc_nano.a(lib_a-sbrkr.o)
[...]
Memory Configuration

Name             Origin             Length             Attributes
RAM              0x0000000020000000 0x0000000000005000 xrw
FLASH            0x0000000008000000 0x0000000000010000 xr
*default*        0x0000000000000000 0xffffffffffffffff

Linker script and memory map

LOAD c:/st/stm32cubeide_1.0.2/stm32cubeide/plugins/com.st.stm32cube.ide.mcu.externaltools.gnu-tools-for-stm32.7-2018-q2-update.win32_1.0.0.201904181610/tools/bin/../lib/gcc/arm-none-eabi/7.3.1/thumb/v7-m/crti.o
LOAD c:/st/stm32cubeide_1.0.2/stm32cubeide/plugins/com.st.stm32cube.ide.mcu.externaltools.gnu-tools-for-stm32.7-2018-q2-update.win32_1.0.0.201904181610/tools/bin/../lib/gcc/arm-none-eabi/7.3.1/thumb/v7-m/crtbegin.o
LOAD c:/st/stm32cubeide_1.0.2/stm32cubeide/plugins/com.st.stm32cube.ide.mcu.externaltools.gnu-tools-for-stm32.7-2018-q2-update.win32_1.0.0.201904181610/tools/bin/../lib/gcc/arm-none-eabi/7.3.1/../../../../arm-none-eabi/lib/thumb/v7-m/crt0.o
LOAD Drivers/STM32F1xx_HAL_Driver/Src/stm32f1xx_hal.o
LOAD Drivers/STM32F1xx_HAL_Driver/Src/stm32f1xx_hal_adc.o
LOAD Drivers/STM32F1xx_HAL_Driver/Src/stm32f1xx_hal_adc_ex.o
LOAD Drivers/STM32F1xx_HAL_Driver/Src/stm32f1xx_hal_cortex.o
LOAD Drivers/STM32F1xx_HAL_Driver/Src/stm32f1xx_hal_dma.o
LOAD Drivers/STM32F1xx_HAL_Driver/Src/stm32f1xx_hal_exti.o
LOAD Drivers/STM32F1xx_HAL_Driver/Src/stm32f1xx_hal_flash.o
LOAD Drivers/STM32F1xx_HAL_Driver/Src/stm32f1xx_hal_flash_ex.o
LOAD Drivers/STM32F1xx_HAL_Driver/Src/stm32f1xx_hal_gpio.o
LOAD Drivers/STM32F1xx_HAL_Driver/Src/stm32f1xx_hal_gpio_ex.o
LOAD Drivers/STM32F1xx_HAL_Driver/Src/stm32f1xx_hal_pwr.o
LOAD Drivers/STM32F1xx_HAL_Driver/Src/stm32f1xx_hal_rcc.o
LOAD Drivers/STM32F1xx_HAL_Driver/Src/stm32f1xx_hal_rcc_ex.o
LOAD Drivers/STM32F1xx_HAL_Driver/Src/stm32f1xx_hal_spi.o
LOAD Drivers/STM32F1xx_HAL_Driver/Src/stm32f1xx_hal_tim.o
LOAD Drivers/STM32F1xx_HAL_Driver/Src/stm32f1xx_hal_tim_ex.o
LOAD Src/APP_BINGO.o
LOAD Src/APP_CHRONO.o
LOAD Src/APP_FUNCTION.o
LOAD Src/APP_SCORE.o
LOAD Src/BMP_DISK32.o
LOAD Src/BMP_DISK64.o
LOAD Src/FONT_alpha_lg.o
LOAD Src/FONT_alpha_tny.o
LOAD Src/FONT_number_lg.o
LOAD Src/FONT_number_ss.o
LOAD Src/FONT_number_tny.o
LOAD Src/FONT_number_xg.o
LOAD Src/KEY_BUZZ_BATT.o
LOAD Src/LCD_ST7735.o
LOAD Src/main.o
LOAD Src/stm32f1xx_hal_msp.o
LOAD Src/stm32f1xx_it.o
LOAD Src/syscalls.o
LOAD Src/sysmem.o
LOAD Src/system_stm32f1xx.o
LOAD Startup/startup_stm32f103c8tx.o
START GROUP
LOAD c:/st/stm32cubeide_1.0.2/stm32cubeide/plugins/com.st.stm32cube.ide.mcu.externaltools.gnu-tools-for-stm32.7-2018-q2-update.win32_1.0.0.201904181610/tools/bin/../lib/gcc/arm-none-eabi/7.3.1/../../../../arm-none-eabi/lib/thumb/v7-m\libc_nano.a
LOAD c:/st/stm32cubeide_1.0.2/stm32cubeide/plugins/com.st.stm32cube.ide.mcu.externaltools.gnu-tools-for-stm32.7-2018-q2-update.win32_1.0.0.201904181610/tools/bin/../lib/gcc/arm-none-eabi/7.3.1/../../../../arm-none-eabi/lib/thumb/v7-m\libm.a
END GROUP
START GROUP
LOAD c:/st/stm32cubeide_1.0.2/stm32cubeide/plugins/com.st.stm32cube.ide.mcu.externaltools.gnu-tools-for-stm32.7-2018-q2-update.win32_1.0.0.201904181610/tools/bin/../lib/gcc/arm-none-eabi/7.3.1/thumb/v7-m\libgcc.a
LOAD c:/st/stm32cubeide_1.0.2/stm32cubeide/plugins/com.st.stm32cube.ide.mcu.externaltools.gnu-tools-for-stm32.7-2018-q2-update.win32_1.0.0.201904181610/tools/bin/../lib/gcc/arm-none-eabi/7.3.1/../../../../arm-none-eabi/lib/thumb/v7-m\libc_nano.a
END GROUP
START GROUP
LOAD c:/st/stm32cubeide_1.0.2/stm32cubeide/plugins/com.st.stm32cube.ide.mcu.externaltools.gnu-tools-for-stm32.7-2018-q2-update.win32_1.0.0.201904181610/tools/bin/../lib/gcc/arm-none-eabi/7.3.1/thumb/v7-m\libgcc.a
LOAD c:/st/stm32cubeide_1.0.2/stm32cubeide/plugins/com.st.stm32cube.ide.mcu.externaltools.gnu-tools-for-stm32.7-2018-q2-update.win32_1.0.0.201904181610/tools/bin/../lib/gcc/arm-none-eabi/7.3.1/../../../../arm-none-eabi/lib/thumb/v7-m\libc_nano.a
LOAD c:/st/stm32cubeide_1.0.2/stm32cubeide/plugins/com.st.stm32cube.ide.mcu.externaltools.gnu-tools-for-stm32.7-2018-q2-update.win32_1.0.0.201904181610/tools/bin/../lib/gcc/arm-none-eabi/7.3.1/../../../../arm-none-eabi/lib/thumb/v7-m\libnosys.a
END GROUP
START GROUP
LOAD c:/st/stm32cubeide_1.0.2/stm32cubeide/plugins/com.st.stm32cube.ide.mcu.externaltools.gnu-tools-for-stm32.7-2018-q2-update.win32_1.0.0.201904181610/tools/bin/../lib/gcc/arm-none-eabi/7.3.1/thumb/v7-m\libgcc.a
LOAD c:/st/stm32cubeide_1.0.2/stm32cubeide/plugins/com.st.stm32cube.ide.mcu.externaltools.gnu-tools-for-stm32.7-2018-q2-update.win32_1.0.0.201904181610/tools/bin/../lib/gcc/arm-none-eabi/7.3.1/../../../../arm-none-eabi/lib/thumb/v7-m\libc_nano.a
LOAD c:/st/stm32cubeide_1.0.2/stm32cubeide/plugins/com.st.stm32cube.ide.mcu.externaltools.gnu-tools-for-stm32.7-2018-q2-update.win32_1.0.0.201904181610/tools/bin/../lib/gcc/arm-none-eabi/7.3.1/../../../../arm-none-eabi/lib/thumb/v7-m\libnosys.a
END GROUP
LOAD c:/st/stm32cubeide_1.0.2/stm32cubeide/plugins/com.st.stm32cube.ide.mcu.externaltools.gnu-tools-for-stm32.7-2018-q2-update.win32_1.0.0.201904181610/tools/bin/../lib/gcc/arm-none-eabi/7.3.1/thumb/v7-m/crtend.o
LOAD c:/st/stm32cubeide_1.0.2/stm32cubeide/plugins/com.st.stm32cube.ide.mcu.externaltools.gnu-tools-for-stm32.7-2018-q2-update.win32_1.0.0.201904181610/tools/bin/../lib/gcc/arm-none-eabi/7.3.1/thumb/v7-m/crtn.o
                0x0000000020005000                _estack = 0x20005000
                0x0000000000000200                _Min_Heap_Size = 0x200
                0x0000000000000400                _Min_Stack_Size = 0x400

.isr_vector     0x0000000008000000      0x10c
                0x0000000008000000                . = ALIGN (0x4)
 *(.isr_vector)
 .isr_vector    0x0000000008000000      0x10c Startup/startup_stm32f103c8tx.o
                0x0000000008000000                g_pfnVectors
                0x000000000800010c                . = ALIGN (0x4)

.text           0x000000000800010c     0xc3e4
                0x000000000800010c                . = ALIGN (0x4)
 *(.text)
 .text          0x000000000800010c       0x40 c:/st/stm32cubeide_1.0.2/stm32cubeide/plugins/com.st.stm32cube.ide.mcu.externaltools.gnu-tools-for-stm32.7-2018-q2-update.win32_1.0.0.201904181610/tools/bin/../lib/gcc/arm-none-eabi/7.3.1/thumb/v7-m/crtbegin.o
 *(.text*)
 .text.HAL_Init
                0x000000000800014c       0x2c Drivers/STM32F1xx_HAL_Driver/Src/stm32f1xx_hal.o
                0x000000000800014c                HAL_Init
 .text.HAL_InitTick
                0x0000000008000178       0x60 Drivers/STM32F1xx_HAL_Driver/Src/stm32f1xx_hal.o
                0x0000000008000178                HAL_InitTick
 .text.HAL_IncTick
                0x00000000080001d8       0x24 Drivers/STM32F1xx_HAL_Driver/Src/stm32f1xx_hal.o
                0x00000000080001d8                HAL_IncTick
 .text.HAL_GetTick
                0x00000000080001fc       0x14 Drivers/STM32F1xx_HAL_Driver/Src/stm32f1xx_hal.o
                0x00000000080001fc                HAL_GetTick
 .text.HAL_Delay
                0x0000000008000210       0x44 Drivers/STM32F1xx_HAL_Driver/Src/stm32f1xx_hal.o
                0x0000000008000210                HAL_Delay
 .text.HAL_SuspendTick
                0x0000000008000254       0x1c Drivers/STM32F1xx_HAL_Driver/Src/stm32f1xx_hal.o
                0x0000000008000254                HAL_SuspendTick
 .text.HAL_ResumeTick
                0x0000000008000270       0x1c Drivers/STM32F1xx_HAL_Driver/Src/stm32f1xx_hal.o
                0x0000000008000270                HAL_ResumeTick
 .text.HAL_ADC_Init
                0x000000000800028c      0x1b0 Drivers/STM32F1xx_HAL_Driver/Src/stm32f1xx_hal_adc.o
                0x000000000800028c                HAL_ADC_Init
 .text.HAL_ADC_Start_DMA
                0x000000000800043c      0x1bc Drivers/STM32F1xx_HAL_Driver/Src/stm32f1xx_hal_adc.o
                0x000000000800043c                HAL_ADC_Start_DMA
 .text.HAL_ADC_Stop_DMA
                0x00000000080005f8       0x8a Drivers/STM32F1xx_HAL_Driver/Src/stm32f1xx_hal_adc.o
                0x00000000080005f8                HAL_ADC_Stop_DMA
 .text.HAL_ADC_ConvCpltCallback
                0x0000000008000682       0x12 Drivers/STM32F1xx_HAL_Driver/Src/stm32f1xx_hal_adc.o
                0x0000000008000682                HAL_ADC_ConvCpltCallback
 .text.HAL_ADC_ConvHalfCpltCallback
                0x0000000008000694       0x12 Drivers/STM32F1xx_HAL_Driver/Src/stm32f1xx_hal_adc.o
                0x0000000008000694                HAL_ADC_ConvHalfCpltCallback
 .text.HAL_ADC_ErrorCallback
                0x00000000080006a6       0x12 Drivers/STM32F1xx_HAL_Driver/Src/stm32f1xx_hal_adc.o
                0x00000000080006a6                HAL_ADC_ErrorCallback
 .text.HAL_ADC_ConfigChannel
                0x00000000080006b8      0x1f0 Drivers/STM32F1xx_HAL_Driver/Src/stm32f1xx_hal_adc.o
                0x00000000080006b8                HAL_ADC_ConfigChannel
 .text.ADC_Enable
                0x00000000080008a8       0xa4 Drivers/STM32F1xx_HAL_Driver/Src/stm32f1xx_hal_adc.o
                0x00000000080008a8                ADC_Enable
 .text.ADC_ConversionStop_Disable
                0x000000000800094c       0x74 Drivers/STM32F1xx_HAL_Driver/Src/stm32f1xx_hal_adc.o
                0x000000000800094c                ADC_ConversionStop_Disable
 .text.ADC_DMAConvCplt
                0x00000000080009c0       0x7c Drivers/STM32F1xx_HAL_Driver/Src/stm32f1xx_hal_adc.o
                0x00000000080009c0                ADC_DMAConvCplt
 .text.ADC_DMAHalfConvCplt
                0x0000000008000a3c       0x1c Drivers/STM32F1xx_HAL_Driver/Src/stm32f1xx_hal_adc.o
                0x0000000008000a3c                ADC_DMAHalfConvCplt
 .text.ADC_DMAError
                0x0000000008000a58       0x34 Drivers/STM32F1xx_HAL_Driver/Src/stm32f1xx_hal_adc.o
                0x0000000008000a58                ADC_DMAError
 .text.__NVIC_SetPriorityGrouping
                0x0000000008000a8c       0x48 Drivers/STM32F1xx_HAL_Driver/Src/stm32f1xx_hal_cortex.o
 .text.__NVIC_GetPriorityGrouping
                0x0000000008000ad4       0x1c Drivers/STM32F1xx_HAL_Driver/Src/stm32f1xx_hal_cortex.o
 .text.__NVIC_EnableIRQ
                0x0000000008000af0       0x38 Drivers/STM32F1xx_HAL_Driver/Src/stm32f1xx_hal_cortex.o
 .text.__NVIC_DisableIRQ
                0x0000000008000b28       0x44 Drivers/STM32F1xx_HAL_Driver/Src/stm32f1xx_hal_cortex.o
 .text.__NVIC_SetPriority
                0x0000000008000b6c       0x54 Drivers/STM32F1xx_HAL_Driver/Src/stm32f1xx_hal_cortex.o
 .text.NVIC_EncodePriority
                0x0000000008000bc0       0x64 Drivers/STM32F1xx_HAL_Driver/Src/stm32f1xx_hal_cortex.o
 .text.SysTick_Config
                0x0000000008000c24       0x44 Drivers/STM32F1xx_HAL_Driver/Src/stm32f1xx_hal_cortex.o
 .text.HAL_NVIC_SetPriorityGrouping
                0x0000000008000c68       0x16 Drivers/STM32F1xx_HAL_Driver/Src/stm32f1xx_hal_cortex.o
                0x0000000008000c68                HAL_NVIC_SetPriorityGrouping
 .text.HAL_NVIC_SetPriority
                0x0000000008000c7e       0x38 Drivers/STM32F1xx_HAL_Driver/Src/stm32f1xx_hal_cortex.o
                0x0000000008000c7e                HAL_NVIC_SetPriority
 .text.HAL_NVIC_EnableIRQ
                0x0000000008000cb6       0x1c Drivers/STM32F1xx_HAL_Driver/Src/stm32f1xx_hal_cortex.o
                0x0000000008000cb6                HAL_NVIC_EnableIRQ
 .text.HAL_NVIC_DisableIRQ
                0x0000000008000cd2       0x1c Drivers/STM32F1xx_HAL_Driver/Src/stm32f1xx_hal_cortex.o
                0x0000000008000cd2                HAL_NVIC_DisableIRQ
 .text.HAL_SYSTICK_Config
                0x0000000008000cee       0x18 Drivers/STM32F1xx_HAL_Driver/Src/stm32f1xx_hal_cortex.o
                0x0000000008000cee                HAL_SYSTICK_Config
 *fill*         0x0000000008000d06        0x2 
 .text.HAL_DMA_Init
                0x0000000008000d08       0xb4 Drivers/STM32F1xx_HAL_Driver/Src/stm32f1xx_hal_dma.o
                0x0000000008000d08                HAL_DMA_Init
 .text.HAL_DMA_Start_IT
                0x0000000008000dbc       0xbe Drivers/STM32F1xx_HAL_Driver/Src/stm32f1xx_hal_dma.o
                0x0000000008000dbc                HAL_DMA_Start_IT
 .text.HAL_DMA_Abort
                0x0000000008000e7a       0x74 Drivers/STM32F1xx_HAL_Driver/Src/stm32f1xx_hal_dma.o
                0x0000000008000e7a                HAL_DMA_Abort
 *fill*         0x0000000008000eee        0x2 
 .text.HAL_DMA_IRQHandler
                0x0000000008000ef0      0x20c Drivers/STM32F1xx_HAL_Driver/Src/stm32f1xx_hal_dma.o
                0x0000000008000ef0                HAL_DMA_IRQHandler
 .text.DMA_SetConfig
                0x00000000080010fc       0x5a Drivers/STM32F1xx_HAL_Driver/Src/stm32f1xx_hal_dma.o
 *fill*         0x0000000008001156        0x2 
 .text.HAL_GPIO_Init
                0x0000000008001158      0x2b4 Drivers/STM32F1xx_HAL_Driver/Src/stm32f1xx_hal_gpio.o
                0x0000000008001158                HAL_GPIO_Init
 .text.HAL_GPIO_WritePin
                0x000000000800140c       0x30 Drivers/STM32F1xx_HAL_Driver/Src/stm32f1xx_hal_gpio.o
                0x000000000800140c                HAL_GPIO_WritePin
 .text.HAL_GPIO_EXTI_IRQHandler
                0x000000000800143c       0x30 Drivers/STM32F1xx_HAL_Driver/Src/stm32f1xx_hal_gpio.o
                0x000000000800143c                HAL_GPIO_EXTI_IRQHandler
 .text.HAL_PWR_EnterSLEEPMode
                0x000000000800146c       0x38 Drivers/STM32F1xx_HAL_Driver/Src/stm32f1xx_hal_pwr.o
                0x000000000800146c                HAL_PWR_EnterSLEEPMode
 .text.HAL_RCC_OscConfig
                0x00000000080014a4      0x500 Drivers/STM32F1xx_HAL_Driver/Src/stm32f1xx_hal_rcc.o
                0x00000000080014a4                HAL_RCC_OscConfig
 .text.HAL_RCC_ClockConfig
                0x00000000080019a4      0x1d4 Drivers/STM32F1xx_HAL_Driver/Src/stm32f1xx_hal_rcc.o
                0x00000000080019a4                HAL_RCC_ClockConfig
 .text.HAL_RCC_GetSysClockFreq
                0x0000000008001b78       0xc4 Drivers/STM32F1xx_HAL_Driver/Src/stm32f1xx_hal_rcc.o
                0x0000000008001b78                HAL_RCC_GetSysClockFreq
 .text.RCC_Delay
                0x0000000008001c3c       0x3c Drivers/STM32F1xx_HAL_Driver/Src/stm32f1xx_hal_rcc.o
 .text.HAL_RCCEx_PeriphCLKConfig
                0x0000000008001c78      0x16c Drivers/STM32F1xx_HAL_Driver/Src/stm32f1xx_hal_rcc_ex.o
                0x0000000008001c78                HAL_RCCEx_PeriphCLKConfig
 .text.HAL_SPI_Init
                0x0000000008001de4       0xc2 Drivers/STM32F1xx_HAL_Driver/Src/stm32f1xx_hal_spi.o
                0x0000000008001de4                HAL_SPI_Init
 .text.HAL_SPI_Transmit
                0x0000000008001ea6      0x268 Drivers/STM32F1xx_HAL_Driver/Src/stm32f1xx_hal_spi.o
                0x0000000008001ea6                HAL_SPI_Transmit
 .text.SPI_WaitFlagStateUntilTimeout
                0x000000000800210e       0xd4 Drivers/STM32F1xx_HAL_Driver/Src/stm32f1xx_hal_spi.o
 .text.SPI_EndRxTxTransaction
                0x00000000080021e2       0x3c Drivers/STM32F1xx_HAL_Driver/Src/stm32f1xx_hal_spi.o
 .text.HAL_TIM_Base_Init
                0x000000000800221e       0x56 Drivers/STM32F1xx_HAL_Driver/Src/stm32f1xx_hal_tim.o
                0x000000000800221e                HAL_TIM_Base_Init
 .text.HAL_TIM_Base_Start
                0x0000000008002274       0x46 Drivers/STM32F1xx_HAL_Driver/Src/stm32f1xx_hal_tim.o
                0x0000000008002274                HAL_TIM_Base_Start
 .text.HAL_TIM_Base_Start_IT
                0x00000000080022ba       0x46 Drivers/STM32F1xx_HAL_Driver/Src/stm32f1xx_hal_tim.o
                0x00000000080022ba                HAL_TIM_Base_Start_IT
 .text.HAL_TIM_PWM_Init
                0x0000000008002300       0x56 Drivers/STM32F1xx_HAL_Driver/Src/stm32f1xx_hal_tim.o
                0x0000000008002300                HAL_TIM_PWM_Init
 .text.HAL_TIM_PWM_MspInit
                0x0000000008002356       0x12 Drivers/STM32F1xx_HAL_Driver/Src/stm32f1xx_hal_tim.o
                0x0000000008002356                HAL_TIM_PWM_MspInit
 .text.HAL_TIM_OnePulse_Init
                0x0000000008002368       0x78 Drivers/STM32F1xx_HAL_Driver/Src/stm32f1xx_hal_tim.o
                0x0000000008002368                HAL_TIM_OnePulse_Init
 .text.HAL_TIM_OnePulse_MspInit
                0x00000000080023e0       0x12 Drivers/STM32F1xx_HAL_Driver/Src/stm32f1xx_hal_tim.o
                0x00000000080023e0                HAL_TIM_OnePulse_MspInit
 *fill*         0x00000000080023f2        0x2 
 .text.HAL_TIM_OnePulse_Start
                0x00000000080023f4       0x50 Drivers/STM32F1xx_HAL_Driver/Src/stm32f1xx_hal_tim.o
                0x00000000080023f4                HAL_TIM_OnePulse_Start
 .text.HAL_TIM_IRQHandler
                0x0000000008002444      0x210 Drivers/STM32F1xx_HAL_Driver/Src/stm32f1xx_hal_tim.o
                0x0000000008002444                HAL_TIM_IRQHandler
 .text.HAL_TIM_PWM_ConfigChannel
                0x0000000008002654      0x18c Drivers/STM32F1xx_HAL_Driver/Src/stm32f1xx_hal_tim.o
                0x0000000008002654                HAL_TIM_PWM_ConfigChannel
 .text.HAL_TIM_ConfigClockSource
                0x00000000080027e0      0x16e Drivers/STM32F1xx_HAL_Driver/Src/stm32f1xx_hal_tim.o
                0x00000000080027e0                HAL_TIM_ConfigClockSource
 .text.HAL_TIM_OC_DelayElapsedCallback
                0x000000000800294e       0x12 Drivers/STM32F1xx_HAL_Driver/Src/stm32f1xx_hal_tim.o
                0x000000000800294e                HAL_TIM_OC_DelayElapsedCallback
 .text.HAL_TIM_IC_CaptureCallback
                0x0000000008002960       0x12 Drivers/STM32F1xx_HAL_Driver/Src/stm32f1xx_hal_tim.o
                0x0000000008002960                HAL_TIM_IC_CaptureCallback
 .text.HAL_TIM_PWM_PulseFinishedCallback
                0x0000000008002972       0x12 Drivers/STM32F1xx_HAL_Driver/Src/stm32f1xx_hal_tim.o
                0x0000000008002972                HAL_TIM_PWM_PulseFinishedCallback
 .text.HAL_TIM_TriggerCallback
                0x0000000008002984       0x12 Drivers/STM32F1xx_HAL_Driver/Src/stm32f1xx_hal_tim.o
                0x0000000008002984                HAL_TIM_TriggerCallback
 *fill*         0x0000000008002996        0x2 
 .text.TIM_Base_SetConfig
                0x0000000008002998       0xc4 Drivers/STM32F1xx_HAL_Driver/Src/stm32f1xx_hal_tim.o
                0x0000000008002998                TIM_Base_SetConfig
 .text.TIM_OC1_SetConfig
                0x0000000008002a5c       0xcc Drivers/STM32F1xx_HAL_Driver/Src/stm32f1xx_hal_tim.o
 .text.TIM_OC2_SetConfig
                0x0000000008002b28       0xd4 Drivers/STM32F1xx_HAL_Driver/Src/stm32f1xx_hal_tim.o
                0x0000000008002b28                TIM_OC2_SetConfig
 .text.TIM_OC3_SetConfig
                0x0000000008002bfc       0xd4 Drivers/STM32F1xx_HAL_Driver/Src/stm32f1xx_hal_tim.o
 .text.TIM_OC4_SetConfig
                0x0000000008002cd0       0x9c Drivers/STM32F1xx_HAL_Driver/Src/stm32f1xx_hal_tim.o
 .text.TIM_TI1_ConfigInputStage
                0x0000000008002d6c       0x5c Drivers/STM32F1xx_HAL_Driver/Src/stm32f1xx_hal_tim.o
 .text.TIM_TI2_ConfigInputStage
                0x0000000008002dc8       0x5e Drivers/STM32F1xx_HAL_Driver/Src/stm32f1xx_hal_tim.o
 .text.TIM_ITRx_SetConfig
                0x0000000008002e26       0x34 Drivers/STM32F1xx_HAL_Driver/Src/stm32f1xx_hal_tim.o
 .text.TIM_ETR_SetConfig
                0x0000000008002e5a       0x3e Drivers/STM32F1xx_HAL_Driver/Src/stm32f1xx_hal_tim.o
                0x0000000008002e5a                TIM_ETR_SetConfig
 .text.TIM_CCxChannelCmd
                0x0000000008002e98       0x48 Drivers/STM32F1xx_HAL_Driver/Src/stm32f1xx_hal_tim.o
                0x0000000008002e98                TIM_CCxChannelCmd
 .text.HAL_TIMEx_MasterConfigSynchronization
                0x0000000008002ee0       0x88 Drivers/STM32F1xx_HAL_Driver/Src/stm32f1xx_hal_tim_ex.o
                0x0000000008002ee0                HAL_TIMEx_MasterConfigSynchronization
 .text.HAL_TIMEx_CommutCallback
                0x0000000008002f68       0x12 Drivers/STM32F1xx_HAL_Driver/Src/stm32f1xx_hal_tim_ex.o
                0x0000000008002f68                HAL_TIMEx_CommutCallback
 .text.HAL_TIMEx_BreakCallback
                0x0000000008002f7a       0x12 Drivers/STM32F1xx_HAL_Driver/Src/stm32f1xx_hal_tim_ex.o
                0x0000000008002f7a                HAL_TIMEx_BreakCallback
 .text.BINGO    0x0000000008002f8c      0x48c Src/APP_BINGO.o
                0x0000000008002f8c                BINGO
 .text.BG_DRAW  0x0000000008003418       0xac Src/APP_BINGO.o
                0x0000000008003418                BG_DRAW
 .text.BG_INFO  0x00000000080034c4      0x1a4 Src/APP_BINGO.o
                0x00000000080034c4                BG_INFO
 .text.BG_TABLE
                0x0000000008003668       0x64 Src/APP_BINGO.o
                0x0000000008003668                BG_TABLE
 .text.BG_REDRAW
                0x00000000080036cc      0x4f4 Src/APP_BINGO.o
                0x00000000080036cc                BG_REDRAW
 .text.BG_CHIP  0x0000000008003bc0      0x1ac Src/APP_BINGO.o
                0x0000000008003bc0                BG_CHIP
 .text.ROULETTE
                0x0000000008003d6c      0x688 Src/APP_BINGO.o
                0x0000000008003d6c                ROULETTE
 .text.RL_REDRAW
                0x00000000080043f4      0x128 Src/APP_BINGO.o
                0x00000000080043f4                RL_REDRAW
 .text.RL_SLOTS
                0x000000000800451c      0x20c Src/APP_BINGO.o
                0x000000000800451c                RL_SLOTS
 .text.RL_SLOTBALL
                0x0000000008004728       0x90 Src/APP_BINGO.o
                0x0000000008004728                RL_SLOTBALL
 .text.RL_RUNBALL
                0x00000000080047b8       0x9c Src/APP_BINGO.o
                0x00000000080047b8                RL_RUNBALL
 .text.RL_BALL  0x0000000008004854       0x40 Src/APP_BINGO.o
                0x0000000008004854                RL_BALL
 .text.HOURGLASS
                0x0000000008004894      0xc98 Src/APP_CHRONO.o
                0x0000000008004894                HOURGLASS
 .text.HG_REDRAW
                0x000000000800552c       0xf0 Src/APP_CHRONO.o
                0x000000000800552c                HG_REDRAW
 .text.DRAW_HOURGLASS
                0x000000000800561c      0x274 Src/APP_CHRONO.o
                0x000000000800561c                DRAW_HOURGLASS
 .text.DRAW_HOURGLASS_H
                0x0000000008005890      0x1bc Src/APP_CHRONO.o
                0x0000000008005890                DRAW_HOURGLASS_H
 .text.UPD_HGLVL_TP
                0x0000000008005a4c      0x14c Src/APP_CHRONO.o
                0x0000000008005a4c                UPD_HGLVL_TP
 .text.UPD_HGLVL_BT
                0x0000000008005b98       0xde Src/APP_CHRONO.o
                0x0000000008005b98                UPD_HGLVL_BT
 *fill*         0x0000000008005c76        0x2 
 .text.CHESS    0x0000000008005c78     0x11b8 Src/APP_CHRONO.o
                0x0000000008005c78                CHESS
 .text.RTIMER   0x0000000008006e30      0x6ac Src/APP_CHRONO.o
                0x0000000008006e30                RTIMER
 .text.CHRONOGRAPH
                0x00000000080074dc      0x310 Src/APP_CHRONO.o
                0x00000000080074dc                CHRONOGRAPH
 .text.DRAWFLAG
                0x00000000080077ec      0x140 Src/APP_CHRONO.o
                0x00000000080077ec                DRAWFLAG
 .text.BARGRAPH
                0x000000000800792c       0x94 Src/APP_CHRONO.o
                0x000000000800792c                BARGRAPH
 .text.CHESS_REDRAW
                0x00000000080079c0      0x228 Src/APP_CHRONO.o
                0x00000000080079c0                CHESS_REDRAW
 .text.RT_REDRAW
                0x0000000008007be8      0x130 Src/APP_CHRONO.o
                0x0000000008007be8                RT_REDRAW
 .text.CHR_REDRAW
                0x0000000008007d18       0x68 Src/APP_CHRONO.o
                0x0000000008007d18                CHR_REDRAW
 .text.CHR_STARTIME
                0x0000000008007d80       0x94 Src/APP_CHRONO.o
                0x0000000008007d80                CHR_STARTIME
 .text.CHR_DELAY_SS
                0x0000000008007e14       0x68 Src/APP_CHRONO.o
                0x0000000008007e14                CHR_DELAY_SS
 .text.CHR_MMSS
                0x0000000008007e7c      0x208 Src/APP_CHRONO.o
                0x0000000008007e7c                CHR_MMSS
 .text.CHR_HMMSS_V
                0x0000000008008084       0xf0 Src/APP_CHRONO.o
                0x0000000008008084                CHR_HMMSS_V
 .text.CHR_HHMMSS
                0x0000000008008174      0x22c Src/APP_CHRONO.o
                0x0000000008008174                CHR_HHMMSS
 .text.CHR_LAPS
                0x00000000080083a0      0x184 Src/APP_CHRONO.o
                0x00000000080083a0                CHR_LAPS
 .text.CNT_TO_HMS
                0x0000000008008524       0x88 Src/APP_CHRONO.o
                0x0000000008008524                CNT_TO_HMS
 .text.APP_FUNCTION_MAIN
                0x00000000080085ac       0x7c Src/APP_FUNCTION.o
                0x00000000080085ac                APP_FUNCTION_MAIN
 .text.WRITER   0x0000000008008628      0x2f0 Src/APP_FUNCTION.o
                0x0000000008008628                WRITER
 .text.PRINTIT  0x0000000008008918       0xb4 Src/APP_FUNCTION.o
                0x0000000008008918                PRINTIT
 .text.RELOAD   0x00000000080089cc       0x80 Src/APP_FUNCTION.o
                0x00000000080089cc                RELOAD
 .text.SELECTMENU
                0x0000000008008a4c      0x1a0 Src/APP_FUNCTION.o
                0x0000000008008a4c                SELECTMENU
 .text.SLCTM_WRITE_ITEMS
                0x0000000008008bec      0x36c Src/APP_FUNCTION.o
                0x0000000008008bec                SLCTM_WRITE_ITEMS
 .text.MUTE     0x0000000008008f58      0x170 Src/APP_FUNCTION.o
                0x0000000008008f58                MUTE
 .text.SPK      0x00000000080090c8       0xae Src/APP_FUNCTION.o
                0x00000000080090c8                SPK
 .text.NO_SPK   0x0000000008009176       0x74 Src/APP_FUNCTION.o
                0x0000000008009176                NO_SPK
 *fill*         0x00000000080091ea        0x2 
 .text.DICE     0x00000000080091ec      0x29c Src/APP_FUNCTION.o
                0x00000000080091ec                DICE
 .text.LCD_DICE
                0x0000000008009488      0x218 Src/APP_FUNCTION.o
                0x0000000008009488                LCD_DICE
 .text.SCORE    0x00000000080096a0      0x508 Src/APP_SCORE.o
                0x00000000080096a0                SCORE
 .text.updatescore
                0x0000000008009ba8      0x29c Src/APP_SCORE.o
                0x0000000008009ba8                updatescore
 .text.SC_REDRAW
                0x0000000008009e44      0x224 Src/APP_SCORE.o
                0x0000000008009e44                SC_REDRAW
 .text.DISPLAY_BATT
                0x000000000800a068       0xac Src/KEY_BUZZ_BATT.o
                0x000000000800a068                DISPLAY_BATT
 .text.CHECK_BATT
                0x000000000800a114      0x17c Src/KEY_BUZZ_BATT.o
                0x000000000800a114                CHECK_BATT
 .text.START_CHECK_BATT
                0x000000000800a290       0x18 Src/KEY_BUZZ_BATT.o
                0x000000000800a290                START_CHECK_BATT
 .text.BUZZER   0x000000000800a2a8       0x44 Src/KEY_BUZZ_BATT.o
                0x000000000800a2a8                BUZZER
 .text.WAIT_A_KEY
                0x000000000800a2ec       0x50 Src/KEY_BUZZ_BATT.o
                0x000000000800a2ec                WAIT_A_KEY
 .text.WAIT_NO_KEY
                0x000000000800a33c       0x50 Src/KEY_BUZZ_BATT.o
                0x000000000800a33c                WAIT_NO_KEY
 .text.GET_KEY_VALUE
                0x000000000800a38c       0x70 Src/KEY_BUZZ_BATT.o
                0x000000000800a38c                GET_KEY_VALUE
 .text.GET_KEY  0x000000000800a3fc      0x26c Src/KEY_BUZZ_BATT.o
                0x000000000800a3fc                GET_KEY
 .text.ANY_KEY  0x000000000800a668       0x70 Src/KEY_BUZZ_BATT.o
                0x000000000800a668                ANY_KEY
 .text.LCD_WORD
                0x000000000800a6d8      0x150 Src/LCD_ST7735.o
                0x000000000800a6d8                LCD_WORD
 .text.LCD_NUMBER
                0x000000000800a828      0x200 Src/LCD_ST7735.o
                0x000000000800a828                LCD_NUMBER
 .text.LCD_CHAR
                0x000000000800aa28       0x50 Src/LCD_ST7735.o
                0x000000000800aa28                LCD_CHAR
 .text.LCD_BMP2
                0x000000000800aa78      0x134 Src/LCD_ST7735.o
                0x000000000800aa78                LCD_BMP2
 .text.LCD_DOT11
                0x000000000800abac      0x106 Src/LCD_ST7735.o
                0x000000000800abac                LCD_DOT11
 .text.LCD_FRAME
                0x000000000800acb2       0x6e Src/LCD_ST7735.o
                0x000000000800acb2                LCD_FRAME
 .text.LCD_DOTLINE
                0x000000000800ad20      0x1e8 Src/LCD_ST7735.o
                0x000000000800ad20                LCD_DOTLINE
 .text.LCD_LINE
                0x000000000800af08      0x18e Src/LCD_ST7735.o
                0x000000000800af08                LCD_LINE
 .text.LCD_PLOT
                0x000000000800b096       0x40 Src/LCD_ST7735.o
                0x000000000800b096                LCD_PLOT
 *fill*         0x000000000800b0d6        0x2 
 .text.LCD_COLORWINDOW
                0x000000000800b0d8       0xcc Src/LCD_ST7735.o
                0x000000000800b0d8                LCD_COLORWINDOW
 .text.LCD_WINDOW
                0x000000000800b1a4       0x6a Src/LCD_ST7735.o
                0x000000000800b1a4                LCD_WINDOW
 *fill*         0x000000000800b20e        0x2 
 .text.LCD_INIT
                0x000000000800b210       0x5c Src/LCD_ST7735.o
                0x000000000800b210                LCD_INIT
 .text.LCD_CMD  0x000000000800b26c       0x3c Src/LCD_ST7735.o
                0x000000000800b26c                LCD_CMD
 .text.LCD_DATA
                0x000000000800b2a8       0x3c Src/LCD_ST7735.o
                0x000000000800b2a8                LCD_DATA
 .text.LCD_spi2_8b
                0x000000000800b2e4       0x18 Src/LCD_ST7735.o
                0x000000000800b2e4                LCD_spi2_8b
 .text.LCD_spi2_16b
                0x000000000800b2fc       0x1c Src/LCD_ST7735.o
                0x000000000800b2fc                LCD_spi2_16b
 .text.LCD_TXBYTE
                0x000000000800b318       0x24 Src/LCD_ST7735.o
                0x000000000800b318                LCD_TXBYTE
 .text.LCD_TXWORD
                0x000000000800b33c       0x34 Src/LCD_ST7735.o
                0x000000000800b33c                LCD_TXWORD
 .text.main     0x000000000800b370       0xe0 Src/main.o
                0x000000000800b370                main
 .text.SystemClock_Config
                0x000000000800b450       0xb6 Src/main.o
                0x000000000800b450                SystemClock_Config
 *fill*         0x000000000800b506        0x2 
 .text.MX_ADC1_Init
                0x000000000800b508       0x98 Src/main.o
 .text.MX_SPI2_Init
                0x000000000800b5a0       0x6c Src/main.o
 .text.MX_TIM3_Init
                0x000000000800b60c      0x100 Src/main.o
 .text.MX_TIM4_Init
                0x000000000800b70c       0x9c Src/main.o
 .text.MX_DMA_Init
                0x000000000800b7a8       0x3c Src/main.o
 .text.MX_GPIO_Init
                0x000000000800b7e4      0x154 Src/main.o
 .text.TOILET   0x000000000800b938       0xa4 Src/main.o
                0x000000000800b938                TOILET
 .text.GO_SLEEP
                0x000000000800b9dc       0x40 Src/main.o
                0x000000000800b9dc                GO_SLEEP
 .text.HAL_TIM_PeriodElapsedCallback
                0x000000000800ba1c      0x40c Src/main.o
                0x000000000800ba1c                HAL_TIM_PeriodElapsedCallback
 .text.HAL_GPIO_EXTI_Callback
                0x000000000800be28       0x4c Src/main.o
                0x000000000800be28                HAL_GPIO_EXTI_Callback
 .text.Error_Handler
                0x000000000800be74        0xc Src/main.o
                0x000000000800be74                Error_Handler
 .text.HAL_MspInit
                0x000000000800be80       0x64 Src/stm32f1xx_hal_msp.o
                0x000000000800be80                HAL_MspInit
 .text.HAL_ADC_MspInit
                0x000000000800bee4       0xd0 Src/stm32f1xx_hal_msp.o
                0x000000000800bee4                HAL_ADC_MspInit
 .text.HAL_SPI_MspInit
                0x000000000800bfb4       0x80 Src/stm32f1xx_hal_msp.o
                0x000000000800bfb4                HAL_SPI_MspInit
 .text.HAL_TIM_Base_MspInit
                0x000000000800c034       0x74 Src/stm32f1xx_hal_msp.o
                0x000000000800c034                HAL_TIM_Base_MspInit
 .text.HAL_TIM_MspPostInit
                0x000000000800c0a8       0x8c Src/stm32f1xx_hal_msp.o
                0x000000000800c0a8                HAL_TIM_MspPostInit
 .text.NMI_Handler
                0x000000000800c134        0xc Src/stm32f1xx_it.o
                0x000000000800c134                NMI_Handler
 .text.HardFault_Handler
                0x000000000800c140        0x6 Src/stm32f1xx_it.o
                0x000000000800c140                HardFault_Handler
 .text.MemManage_Handler
                0x000000000800c146        0x6 Src/stm32f1xx_it.o
                0x000000000800c146                MemManage_Handler
 .text.BusFault_Handler
                0x000000000800c14c        0x6 Src/stm32f1xx_it.o
                0x000000000800c14c                BusFault_Handler
 .text.UsageFault_Handler
                0x000000000800c152        0x6 Src/stm32f1xx_it.o
                0x000000000800c152                UsageFault_Handler
 .text.SVC_Handler
                0x000000000800c158        0xc Src/stm32f1xx_it.o
                0x000000000800c158                SVC_Handler
 .text.DebugMon_Handler
                0x000000000800c164        0xc Src/stm32f1xx_it.o
                0x000000000800c164                DebugMon_Handler
 .text.PendSV_Handler
                0x000000000800c170        0xc Src/stm32f1xx_it.o
                0x000000000800c170                PendSV_Handler
 .text.SysTick_Handler
                0x000000000800c17c        0xc Src/stm32f1xx_it.o
                0x000000000800c17c                SysTick_Handler
 .text.DMA1_Channel1_IRQHandler
                0x000000000800c188       0x14 Src/stm32f1xx_it.o
                0x000000000800c188                DMA1_Channel1_IRQHandler
 .text.TIM4_IRQHandler
                0x000000000800c19c       0x14 Src/stm32f1xx_it.o
                0x000000000800c19c                TIM4_IRQHandler
 .text.EXTI15_10_IRQHandler
                0x000000000800c1b0       0x20 Src/stm32f1xx_it.o
                0x000000000800c1b0                EXTI15_10_IRQHandler
 .text._sbrk    0x000000000800c1d0       0x58 Src/sysmem.o
                0x000000000800c1d0                _sbrk
 .text.SystemInit
                0x000000000800c228       0x68 Src/system_stm32f1xx.o
                0x000000000800c228                SystemInit
 .text.Reset_Handler
                0x000000000800c290       0x48 Startup/startup_stm32f103c8tx.o
                0x000000000800c290                Reset_Handler
 .text.Default_Handler
                0x000000000800c2d8        0x2 Startup/startup_stm32f103c8tx.o
                0x000000000800c2d8                RTC_Alarm_IRQHandler
                0x000000000800c2d8                EXTI2_IRQHandler
                0x000000000800c2d8                TIM1_CC_IRQHandler
                0x000000000800c2d8                PVD_IRQHandler
                0x000000000800c2d8                EXTI3_IRQHandler
                0x000000000800c2d8                EXTI0_IRQHandler
                0x000000000800c2d8                I2C2_EV_IRQHandler
                0x000000000800c2d8                ADC1_2_IRQHandler
                0x000000000800c2d8                SPI1_IRQHandler
                0x000000000800c2d8                TAMPER_IRQHandler
                0x000000000800c2d8                DMA1_Channel4_IRQHandler
                0x000000000800c2d8                USART3_IRQHandler
                0x000000000800c2d8                RTC_IRQHandler
                0x000000000800c2d8                DMA1_Channel7_IRQHandler
                0x000000000800c2d8                CAN1_RX1_IRQHandler
                0x000000000800c2d8                I2C1_EV_IRQHandler
                0x000000000800c2d8                DMA1_Channel6_IRQHandler
                0x000000000800c2d8                TIM3_IRQHandler
                0x000000000800c2d8                RCC_IRQHandler
                0x000000000800c2d8                TIM1_TRG_COM_IRQHandler
                0x000000000800c2d8                Default_Handler
                0x000000000800c2d8                EXTI9_5_IRQHandler
                0x000000000800c2d8                SPI2_IRQHandler
                0x000000000800c2d8                DMA1_Channel5_IRQHandler
                0x000000000800c2d8                EXTI4_IRQHandler
                0x000000000800c2d8                USB_LP_CAN1_RX0_IRQHandler
                0x000000000800c2d8                USB_HP_CAN1_TX_IRQHandler
                0x000000000800c2d8                DMA1_Channel3_IRQHandler
                0x000000000800c2d8                TIM1_UP_IRQHandler
                0x000000000800c2d8                WWDG_IRQHandler
                0x000000000800c2d8                TIM2_IRQHandler
                0x000000000800c2d8                TIM1_BRK_IRQHandler
                0x000000000800c2d8                EXTI1_IRQHandler
                0x000000000800c2d8                USART2_IRQHandler
                0x000000000800c2d8                I2C2_ER_IRQHandler
                0x000000000800c2d8                DMA1_Channel2_IRQHandler
                0x000000000800c2d8                CAN1_SCE_IRQHandler
                0x000000000800c2d8                FLASH_IRQHandler
                0x000000000800c2d8                USART1_IRQHandler
                0x000000000800c2d8                I2C1_ER_IRQHandler
                0x000000000800c2d8                USBWakeUp_IRQHandler
 *fill*         0x000000000800c2da        0x2 
 .text.__errno  0x000000000800c2dc        0xc c:/st/stm32cubeide_1.0.2/stm32cubeide/plugins/com.st.stm32cube.ide.mcu.externaltools.gnu-tools-for-stm32.7-2018-q2-update.win32_1.0.0.201904181610/tools/bin/../lib/gcc/arm-none-eabi/7.3.1/../../../../arm-none-eabi/lib/thumb/v7-m\libc_nano.a(lib_a-errno.o)
                0x000000000800c2dc                __errno
 .text.__libc_init_array
                0x000000000800c2e8       0x48 c:/st/stm32cubeide_1.0.2/stm32cubeide/plugins/com.st.stm32cube.ide.mcu.externaltools.gnu-tools-for-stm32.7-2018-q2-update.win32_1.0.0.201904181610/tools/bin/../lib/gcc/arm-none-eabi/7.3.1/../../../../arm-none-eabi/lib/thumb/v7-m\libc_nano.a(lib_a-init.o)
                0x000000000800c2e8                __libc_init_array
 .text.memset   0x000000000800c330       0x10 c:/st/stm32cubeide_1.0.2/stm32cubeide/plugins/com.st.stm32cube.ide.mcu.externaltools.gnu-tools-for-stm32.7-2018-q2-update.win32_1.0.0.201904181610/tools/bin/../lib/gcc/arm-none-eabi/7.3.1/../../../../arm-none-eabi/lib/thumb/v7-m\libc_nano.a(lib_a-memset.o)
                0x000000000800c330                memset
 .text.srand    0x000000000800c340       0x48 c:/st/stm32cubeide_1.0.2/stm32cubeide/plugins/com.st.stm32cube.ide.mcu.externaltools.gnu-tools-for-stm32.7-2018-q2-update.win32_1.0.0.201904181610/tools/bin/../lib/gcc/arm-none-eabi/7.3.1/../../../../arm-none-eabi/lib/thumb/v7-m\libc_nano.a(lib_a-rand.o)
                0x000000000800c340                srand
 .text.rand     0x000000000800c388       0x68 c:/st/stm32cubeide_1.0.2/stm32cubeide/plugins/com.st.stm32cube.ide.mcu.externaltools.gnu-tools-for-stm32.7-2018-q2-update.win32_1.0.0.201904181610/tools/bin/../lib/gcc/arm-none-eabi/7.3.1/../../../../arm-none-eabi/lib/thumb/v7-m\libc_nano.a(lib_a-rand.o)
                0x000000000800c388                rand
 .text.malloc   0x000000000800c3f0       0x10 c:/st/stm32cubeide_1.0.2/stm32cubeide/plugins/com.st.stm32cube.ide.mcu.externaltools.gnu-tools-for-stm32.7-2018-q2-update.win32_1.0.0.201904181610/tools/bin/../lib/gcc/arm-none-eabi/7.3.1/../../../../arm-none-eabi/lib/thumb/v7-m\libc_nano.a(lib_a-malloc.o)
                0x000000000800c3f0                malloc
 .text._malloc_r
                0x000000000800c400       0xb4 c:/st/stm32cubeide_1.0.2/stm32cubeide/plugins/com.st.stm32cube.ide.mcu.externaltools.gnu-tools-for-stm32.7-2018-q2-update.win32_1.0.0.201904181610/tools/bin/../lib/gcc/arm-none-eabi/7.3.1/../../../../arm-none-eabi/lib/thumb/v7-m\libc_nano.a(lib_a-nano-mallocr.o)
                0x000000000800c400                _malloc_r
 .text._sbrk_r  0x000000000800c4b4       0x20 c:/st/stm32cubeide_1.0.2/stm32cubeide/plugins/com.st.stm32cube.ide.mcu.externaltools.gnu-tools-for-stm32.7-2018-q2-update.win32_1.0.0.201904181610/tools/bin/../lib/gcc/arm-none-eabi/7.3.1/../../../../arm-none-eabi/lib/thumb/v7-m\libc_nano.a(lib_a-sbrkr.o)
                0x000000000800c4b4                _sbrk_r
 .text.__malloc_lock
                0x000000000800c4d4        0x2 c:/st/stm32cubeide_1.0.2/stm32cubeide/plugins/com.st.stm32cube.ide.mcu.externaltools.gnu-tools-for-stm32.7-2018-q2-update.win32_1.0.0.201904181610/tools/bin/../lib/gcc/arm-none-eabi/7.3.1/../../../../arm-none-eabi/lib/thumb/v7-m\libc_nano.a(lib_a-mlock.o)
                0x000000000800c4d4                __malloc_lock
 .text.__malloc_unlock
                0x000000000800c4d6        0x2 c:/st/stm32cubeide_1.0.2/stm32cubeide/plugins/com.st.stm32cube.ide.mcu.externaltools.gnu-tools-for-stm32.7-2018-q2-update.win32_1.0.0.201904181610/tools/bin/../lib/gcc/arm-none-eabi/7.3.1/../../../../arm-none-eabi/lib/thumb/v7-m\libc_nano.a(lib_a-mlock.o)
                0x000000000800c4d6                __malloc_unlock
 *(.glue_7)
 .glue_7        0x000000000800c4d8        0x0 linker stubs
 *(.glue_7t)
 .glue_7t       0x000000000800c4d8        0x0 linker stubs
 *(.eh_frame)
 .eh_frame      0x000000000800c4d8        0x0 c:/st/stm32cubeide_1.0.2/stm32cubeide/plugins/com.st.stm32cube.ide.mcu.externaltools.gnu-tools-for-stm32.7-2018-q2-update.win32_1.0.0.201904181610/tools/bin/../lib/gcc/arm-none-eabi/7.3.1/thumb/v7-m/crtbegin.o
 *(.init)
 .init          0x000000000800c4d8        0x4 c:/st/stm32cubeide_1.0.2/stm32cubeide/plugins/com.st.stm32cube.ide.mcu.externaltools.gnu-tools-for-stm32.7-2018-q2-update.win32_1.0.0.201904181610/tools/bin/../lib/gcc/arm-none-eabi/7.3.1/thumb/v7-m/crti.o
                0x000000000800c4d8                _init
 .init          0x000000000800c4dc        0x8 c:/st/stm32cubeide_1.0.2/stm32cubeide/plugins/com.st.stm32cube.ide.mcu.externaltools.gnu-tools-for-stm32.7-2018-q2-update.win32_1.0.0.201904181610/tools/bin/../lib/gcc/arm-none-eabi/7.3.1/thumb/v7-m/crtn.o
 *(.fini)
 .fini          0x000000000800c4e4        0x4 c:/st/stm32cubeide_1.0.2/stm32cubeide/plugins/com.st.stm32cube.ide.mcu.externaltools.gnu-tools-for-stm32.7-2018-q2-update.win32_1.0.0.201904181610/tools/bin/../lib/gcc/arm-none-eabi/7.3.1/thumb/v7-m/crti.o
                0x000000000800c4e4                _fini
 .fini          0x000000000800c4e8        0x8 c:/st/stm32cubeide_1.0.2/stm32cubeide/plugins/com.st.stm32cube.ide.mcu.externaltools.gnu-tools-for-stm32.7-2018-q2-update.win32_1.0.0.201904181610/tools/bin/../lib/gcc/arm-none-eabi/7.3.1/thumb/v7-m/crtn.o
                0x000000000800c4f0                . = ALIGN (0x4)
                0x000000000800c4f0                _etext = .

.vfp11_veneer   0x000000000800c4f0        0x0
 .vfp11_veneer  0x000000000800c4f0        0x0 linker stubs

.v4_bx          0x000000000800c4f0        0x0
 .v4_bx         0x000000000800c4f0        0x0 linker stubs

.iplt           0x000000000800c4f0        0x0
 .iplt          0x000000000800c4f0        0x0 c:/st/stm32cubeide_1.0.2/stm32cubeide/plugins/com.st.stm32cube.ide.mcu.externaltools.gnu-tools-for-stm32.7-2018-q2-update.win32_1.0.0.201904181610/tools/bin/../lib/gcc/arm-none-eabi/7.3.1/thumb/v7-m/crtbegin.o

.rodata         0x000000000800c4f0     0x1f4c
                0x000000000800c4f0                . = ALIGN (0x4)
 *(.rodata)
 .rodata        0x000000000800c4f0       0x12 Drivers/STM32F1xx_HAL_Driver/Src/stm32f1xx_hal_rcc.o
 *fill*         0x000000000800c502        0x2 
 .rodata        0x000000000800c504       0x10 Src/APP_BINGO.o
 .rodata        0x000000000800c514       0x1f Src/APP_CHRONO.o
 *fill*         0x000000000800c533        0x1 
 .rodata        0x000000000800c534        0x6 Src/APP_FUNCTION.o
 *fill*         0x000000000800c53a        0x2 
 .rodata        0x000000000800c53c        0x4 Src/APP_SCORE.o
 *(.rodata*)
 .rodata.MBINGO
                0x000000000800c540       0x42 Src/APP_BINGO.o
                0x000000000800c540                MBINGO
 *fill*         0x000000000800c582        0x2 
 .rodata.MROULLETE
                0x000000000800c584       0x42 Src/APP_BINGO.o
                0x000000000800c584                MROULLETE
 *fill*         0x000000000800c5c6        0x2 
 .rodata.MHORGLASS
                0x000000000800c5c8       0x42 Src/APP_CHRONO.o
                0x000000000800c5c8                MHORGLASS
 *fill*         0x000000000800c60a        0x2 
 .rodata.LAPSET
                0x000000000800c60c       0x42 Src/APP_CHRONO.o
                0x000000000800c60c                LAPSET
 *fill*         0x000000000800c64e        0x2 
 .rodata.HELP_CHRONO
                0x000000000800c650      0x108 Src/APP_CHRONO.o
                0x000000000800c650                HELP_CHRONO
 .rodata.HELP_TIMER
                0x000000000800c758      0x145 Src/APP_CHRONO.o
                0x000000000800c758                HELP_TIMER
 *fill*         0x000000000800c89d        0x3 
 .rodata.HELP_HGLASS
                0x000000000800c8a0      0x239 Src/APP_CHRONO.o
                0x000000000800c8a0                HELP_HGLASS
 *fill*         0x000000000800cad9        0x3 
 .rodata.MRESET
                0x000000000800cadc       0x42 Src/APP_FUNCTION.o
                0x000000000800cadc                MRESET
 *fill*         0x000000000800cb1e        0x2 
 .rodata.HELP_SCORE
                0x000000000800cb20       0xd3 Src/APP_SCORE.o
                0x000000000800cb20                HELP_SCORE
 *fill*         0x000000000800cbf3        0x1 
 .rodata.BMP_DISK_32
                0x000000000800cbf4       0x80 Src/BMP_DISK32.o
                0x000000000800cbf4                BMP_DISK_32
 .rodata.BMP_DISK_64
                0x000000000800cc74      0x200 Src/BMP_DISK64.o
                0x000000000800cc74                BMP_DISK_64
 .rodata.FONT_alpha_lg_idx
                0x000000000800ce74      0x414 Src/FONT_alpha_lg.o
                0x000000000800ce74                FONT_alpha_lg_idx
 .rodata.alpha_lg
                0x000000000800d288        0x8 Src/FONT_alpha_lg.o
                0x000000000800d288                alpha_lg
 .rodata.FONT_alpha_tny_idx
                0x000000000800d290      0x4c6 Src/FONT_alpha_tny.o
                0x000000000800d290                FONT_alpha_tny_idx
 *fill*         0x000000000800d756        0x2 
 .rodata.alpha_tny
                0x000000000800d758        0x8 Src/FONT_alpha_tny.o
                0x000000000800d758                alpha_tny
 .rodata.nmbrL_idx
                0x000000000800d760      0x3cc Src/FONT_number_lg.o
                0x000000000800d760                nmbrL_idx
 .rodata.nmbrL  0x000000000800db2c        0x8 Src/FONT_number_lg.o
                0x000000000800db2c                nmbrL
 .rodata.nmbrSS_idx
                0x000000000800db34       0x90 Src/FONT_number_ss.o
                0x000000000800db34                nmbrSS_idx
 .rodata.nmbrSS
                0x000000000800dbc4        0x8 Src/FONT_number_ss.o
                0x000000000800dbc4                nmbrSS
 .rodata.numbrtny_idx
                0x000000000800dbcc       0x78 Src/FONT_number_tny.o
                0x000000000800dbcc                numbrtny_idx
 .rodata.numbrtny
                0x000000000800dc44        0x8 Src/FONT_number_tny.o
                0x000000000800dc44                numbrtny
 .rodata.nmbrXL_idx
                0x000000000800dc4c      0x750 Src/FONT_number_xg.o
                0x000000000800dc4c                nmbrXL_idx
 .rodata.nmbrXL
                0x000000000800e39c        0x8 Src/FONT_number_xg.o
                0x000000000800e39c                nmbrXL
 .rodata.MHOME1
                0x000000000800e3a4       0x42 Src/main.o
                0x000000000800e3a4                MHOME1
 *fill*         0x000000000800e3e6        0x2 
 .rodata.MHOME2
                0x000000000800e3e8       0x42 Src/main.o
                0x000000000800e3e8                MHOME2
 *fill*         0x000000000800e42a        0x2 
 .rodata.AHBPrescTable
                0x000000000800e42c       0x10 Src/system_stm32f1xx.o
                0x000000000800e42c                AHBPrescTable
                0x000000000800e43c                . = ALIGN (0x4)

.rel.dyn        0x000000000800e43c        0x0
 .rel.iplt      0x000000000800e43c        0x0 c:/st/stm32cubeide_1.0.2/stm32cubeide/plugins/com.st.stm32cube.ide.mcu.externaltools.gnu-tools-for-stm32.7-2018-q2-update.win32_1.0.0.201904181610/tools/bin/../lib/gcc/arm-none-eabi/7.3.1/thumb/v7-m/crtbegin.o

.ARM.extab      0x000000000800e43c        0x0
                0x000000000800e43c                . = ALIGN (0x4)
 *(.ARM.extab* .gnu.linkonce.armextab.*)
                0x000000000800e43c                . = ALIGN (0x4)

.ARM            0x000000000800e43c        0x0
                0x000000000800e43c                . = ALIGN (0x4)
                0x000000000800e43c                __exidx_start = .
 *(.ARM.exidx*)
                0x000000000800e43c                __exidx_end = .
                0x000000000800e43c                . = ALIGN (0x4)

.preinit_array  0x000000000800e43c        0x0
                0x000000000800e43c                . = ALIGN (0x4)
                0x000000000800e43c                PROVIDE (__preinit_array_start = .)
 *(.preinit_array*)
                0x000000000800e43c                PROVIDE (__preinit_array_end = .)
                0x000000000800e43c                . = ALIGN (0x4)

.init_array     0x000000000800e43c        0x4
                0x000000000800e43c                . = ALIGN (0x4)
                0x000000000800e43c                PROVIDE (__init_array_start = .)
 *(SORT_BY_NAME(.init_array.*))
 *(.init_array*)
 .init_array    0x000000000800e43c        0x4 c:/st/stm32cubeide_1.0.2/stm32cubeide/plugins/com.st.stm32cube.ide.mcu.externaltools.gnu-tools-for-stm32.7-2018-q2-update.win32_1.0.0.201904181610/tools/bin/../lib/gcc/arm-none-eabi/7.3.1/thumb/v7-m/crtbegin.o
                0x000000000800e440                PROVIDE (__init_array_end = .)
                0x000000000800e440                . = ALIGN (0x4)

.fini_array     0x000000000800e440        0x4
                0x000000000800e440                . = ALIGN (0x4)
                [!provide]                        PROVIDE (__fini_array_start = .)
 *(SORT_BY_NAME(.fini_array.*))
 *(.fini_array*)
 .fini_array    0x000000000800e440        0x4 c:/st/stm32cubeide_1.0.2/stm32cubeide/plugins/com.st.stm32cube.ide.mcu.externaltools.gnu-tools-for-stm32.7-2018-q2-update.win32_1.0.0.201904181610/tools/bin/../lib/gcc/arm-none-eabi/7.3.1/thumb/v7-m/crtbegin.o
                [!provide]                        PROVIDE (__fini_array_end = .)
                0x000000000800e444                . = ALIGN (0x4)
                0x000000000800e444                _sidata = LOADADDR (.data)

.data           0x0000000020000000      0x158 load address 0x000000000800e444
                0x0000000020000000                . = ALIGN (0x4)
                0x0000000020000000                _sdata = .
 *(.data)
 *(.data*)
 .data.uwTickPrio
                0x0000000020000000        0x4 Drivers/STM32F1xx_HAL_Driver/Src/stm32f1xx_hal.o
                0x0000000020000000                uwTickPrio
 .data.uwTickFreq
                0x0000000020000004        0x1 Drivers/STM32F1xx_HAL_Driver/Src/stm32f1xx_hal.o
                0x0000000020000004                uwTickFreq
 *fill*         0x0000000020000005        0x3 
 .data.RLT_SLOT
                0x0000000020000008       0x50 Src/APP_BINGO.o
 .data.CPLAYERS
                0x0000000020000058       0x58 Src/APP_CHRONO.o
                0x0000000020000058                CPLAYERS
 .data.PLAYERS  0x00000000200000b0       0x40 Src/APP_SCORE.o
                0x00000000200000b0                PLAYERS
 .data.SystemCoreClock
                0x00000000200000f0        0x4 Src/system_stm32f1xx.o
                0x00000000200000f0                SystemCoreClock
 .data._impure_ptr
                0x00000000200000f4        0x4 c:/st/stm32cubeide_1.0.2/stm32cubeide/plugins/com.st.stm32cube.ide.mcu.externaltools.gnu-tools-for-stm32.7-2018-q2-update.win32_1.0.0.201904181610/tools/bin/../lib/gcc/arm-none-eabi/7.3.1/../../../../arm-none-eabi/lib/thumb/v7-m\libc_nano.a(lib_a-impure.o)
                0x00000000200000f4                _impure_ptr
 .data.impure_data
                0x00000000200000f8       0x60 c:/st/stm32cubeide_1.0.2/stm32cubeide/plugins/com.st.stm32cube.ide.mcu.externaltools.gnu-tools-for-stm32.7-2018-q2-update.win32_1.0.0.201904181610/tools/bin/../lib/gcc/arm-none-eabi/7.3.1/../../../../arm-none-eabi/lib/thumb/v7-m\libc_nano.a(lib_a-impure.o)
                0x0000000020000158                . = ALIGN (0x4)
                0x0000000020000158                _edata = .

.igot.plt       0x0000000020000158        0x0 load address 0x000000000800e59c
 .igot.plt      0x0000000020000158        0x0 c:/st/stm32cubeide_1.0.2/stm32cubeide/plugins/com.st.stm32cube.ide.mcu.externaltools.gnu-tools-for-stm32.7-2018-q2-update.win32_1.0.0.201904181610/tools/bin/../lib/gcc/arm-none-eabi/7.3.1/thumb/v7-m/crtbegin.o
                0x0000000020000158                . = ALIGN (0x4)

.bss            0x0000000020000158      0x308 load address 0x000000000800e59c
                0x0000000020000158                _sbss = .
                0x0000000020000158                __bss_start__ = _sbss
 *(.bss)
 .bss           0x0000000020000158       0x1c c:/st/stm32cubeide_1.0.2/stm32cubeide/plugins/com.st.stm32cube.ide.mcu.externaltools.gnu-tools-for-stm32.7-2018-q2-update.win32_1.0.0.201904181610/tools/bin/../lib/gcc/arm-none-eabi/7.3.1/thumb/v7-m/crtbegin.o
 *(.bss*)
 .bss.auxdelay  0x0000000020000174        0x1 Src/APP_CHRONO.o
                0x0000000020000174                auxdelay
 .bss.batt_status
                0x0000000020000175        0x1 Src/KEY_BUZZ_BATT.o
 *fill*         0x0000000020000176        0x2 
 .bss.SYS_FLAGS
                0x0000000020000178        0x4 Src/main.o
                0x0000000020000178                SYS_FLAGS
 .bss.SOFT_FLAGS
                0x000000002000017c        0x4 Src/main.o
                0x000000002000017c                SOFT_FLAGS
 .bss.TIMER_TIC
                0x0000000020000180        0x4 Src/main.o
                0x0000000020000180                TIMER_TIC
 .bss.heap_end.5149
                0x0000000020000184        0x4 Src/sysmem.o
 .bss.__malloc_free_list
                0x0000000020000188        0x4 c:/st/stm32cubeide_1.0.2/stm32cubeide/plugins/com.st.stm32cube.ide.mcu.externaltools.gnu-tools-for-stm32.7-2018-q2-update.win32_1.0.0.201904181610/tools/bin/../lib/gcc/arm-none-eabi/7.3.1/../../../../arm-none-eabi/lib/thumb/v7-m\libc_nano.a(lib_a-nano-mallocr.o)
                0x0000000020000188                __malloc_free_list
 .bss.__malloc_sbrk_start
                0x000000002000018c        0x4 c:/st/stm32cubeide_1.0.2/stm32cubeide/plugins/com.st.stm32cube.ide.mcu.externaltools.gnu-tools-for-stm32.7-2018-q2-update.win32_1.0.0.201904181610/tools/bin/../lib/gcc/arm-none-eabi/7.3.1/../../../../arm-none-eabi/lib/thumb/v7-m\libc_nano.a(lib_a-nano-mallocr.o)
                0x000000002000018c                __malloc_sbrk_start
 *(COMMON)
 COMMON         0x0000000020000190        0x4 Drivers/STM32F1xx_HAL_Driver/Src/stm32f1xx_hal.o
                0x0000000020000190                uwTick
 COMMON         0x0000000020000194       0x94 Src/APP_BINGO.o
                0x0000000020000194                chipp
                0x0000000020000198                j
                0x000000002000019c                font
                0x00000000200001a4                justify
                0x00000000200001a5                w
                0x00000000200001a8                TOKENS
                0x0000000020000204                k
                0x0000000020000208                frground
                0x000000002000020c                state_ROULETTE
                0x0000000020000210                i
                0x0000000020000214                state_BINGO
                0x0000000020000218                ball
                0x000000002000021c                bkground
                0x0000000020000220                released
                0x0000000020000224                slot
 COMMON         0x0000000020000228       0x59 Src/APP_CHRONO.o
                0x0000000020000228                CHRON
                0x0000000020000258                yh2
                0x000000002000025c                state_chrono
                0x000000002000025d                lapmode
                0x0000000020000260                bgcolor
                0x0000000020000264                turn
                0x0000000020000268                xh2
                0x000000002000026c                SEC
                0x0000000020000270                yh1
                0x0000000020000274                CHRONO_AUX
                0x0000000020000278                HOR
                0x000000002000027c                xh1
                0x0000000020000280                MIN
 *fill*         0x0000000020000281        0x3 
 COMMON         0x0000000020000284       0x18 Src/APP_FUNCTION.o
                0x0000000020000284                state_MENU
                0x0000000020000285                ROLL_PHASE
                0x0000000020000286                state_MUTE
                0x0000000020000288                aux2
                0x000000002000028c                cursor
                0x0000000020000290                MENU
                0x0000000020000291                state_DICE
                0x0000000020000294                HELP
                0x0000000020000298                aux1
 COMMON         0x000000002000029c        0xc Src/APP_SCORE.o
                0x000000002000029c                x
                0x000000002000029e                aux
                0x00000000200002a0                oldscore
                0x00000000200002a2                y
                0x00000000200002a3                state_P2
                0x00000000200002a4                state_P1
                0x00000000200002a5                state_general
                0x00000000200002a6                field
                0x00000000200002a7                eachplayer
 COMMON         0x00000000200002a8       0x84 Src/KEY_BUZZ_BATT.o
                0x00000000200002a8                ADC_RAW
                0x00000000200002ac                BATT_HIST
                0x00000000200002bc                htim3
                0x00000000200002fc                hadc1
 COMMON         0x000000002000032c       0x58 Src/LCD_ST7735.o
                0x000000002000032c                hspi2
 COMMON         0x0000000020000384       0xd8 Src/main.o
                0x0000000020000384                CHRONO_2_ALARM
                0x0000000020000388                TIMER_2
                0x000000002000038c                TIMER_KEY_P2
                0x0000000020000390                TIMER_BATT
                0x0000000020000394                htim4
                0x00000000200003d4                SCHRONO_2
                0x00000000200003d8                TIMER_DICE
                0x00000000200003dc                TIMER_SPEED_REPT2
                0x00000000200003e0                CHRONO_1
                0x00000000200003e4                TIMER_KEY_P1
                0x00000000200003e8                TIMER_4
                0x00000000200003ec                CHRONO_1_ALARM
                0x00000000200003f0                hdma_adc1
                0x0000000020000434                TIMER_SPEED_REPT1
                0x0000000020000438                TIMER_1
                0x000000002000043c                TIMER_KEY_M
                0x000000002000043e                V_BATT
                0x0000000020000440                TIMER_5
                0x0000000020000444                TIMER_REPEAT_1
                0x0000000020000448                SCHRONO_1
                0x000000002000044c                CHRONO_2
                0x0000000020000450                TIMER_6
                0x0000000020000454                TIMER_REPEAT_2
                0x0000000020000458                TIMER_3
 COMMON         0x000000002000045c        0x4 c:/st/stm32cubeide_1.0.2/stm32cubeide/plugins/com.st.stm32cube.ide.mcu.externaltools.gnu-tools-for-stm32.7-2018-q2-update.win32_1.0.0.201904181610/tools/bin/../lib/gcc/arm-none-eabi/7.3.1/../../../../arm-none-eabi/lib/thumb/v7-m\libc_nano.a(lib_a-reent.o)
                0x000000002000045c                errno
                0x0000000020000460                . = ALIGN (0x4)
                0x0000000020000460                _ebss = .
                0x0000000020000460                __bss_end__ = _ebss

._user_heap_stack
                0x0000000020000460      0x600 load address 0x000000000800e59c
                0x0000000020000460                . = ALIGN (0x8)
                0x0000000020000460                PROVIDE (end = .)
                [!provide]                        PROVIDE (_end = .)
                0x0000000020000660                . = (. + _Min_Heap_Size)
 *fill*         0x0000000020000460      0x200 
                0x0000000020000a60                . = (. + _Min_Stack_Size)
 *fill*         0x0000000020000660      0x400 
                0x0000000020000a60                . = ALIGN (0x8)

/DISCARD/
 libc.a(*)
 libm.a(*)
 libgcc.a(*)

.ARM.attributes
                0x0000000000000000       0x29
 *(.ARM.attributes)
 .ARM.attributes
                0x0000000000000000       0x1d c:/st/stm32cubeide_1.0.2/stm32cubeide/plugins/com.st.stm32cube.ide.mcu.externaltools.gnu-tools-for-stm32.7-2018-q2-update.win32_1.0.0.201904181610/tools/bin/../lib/gcc/arm-none-eabi/7.3.1/thumb/v7-m/crti.o
 .ARM.attributes
                0x000000000000001d       0x2d c:/st/stm32cubeide_1.0.2/stm32cubeide/plugins/com.st.stm32cube.ide.mcu.externaltools.gnu-tools-for-stm32.7-2018-q2-update.win32_1.0.0.201904181610/tools/bin/../lib/gcc/arm-none-eabi/7.3.1/thumb/v7-m/crtbegin.o
 .ARM.attributes
                0x000000000000004a       0x33 Drivers/STM32F1xx_HAL_Driver/Src/stm32f1xx_hal.o
 .ARM.attributes
                0x000000000000007d       0x33 Drivers/STM32F1xx_HAL_Driver/Src/stm32f1xx_hal_adc.o
 .ARM.attributes
                0x00000000000000b0       0x33 Drivers/STM32F1xx_HAL_Driver/Src/stm32f1xx_hal_cortex.o
 .ARM.attributes
                0x00000000000000e3       0x33 Drivers/STM32F1xx_HAL_Driver/Src/stm32f1xx_hal_dma.o
 .ARM.attributes
                0x0000000000000116       0x33 Drivers/STM32F1xx_HAL_Driver/Src/stm32f1xx_hal_gpio.o
 .ARM.attributes
                0x0000000000000149       0x33 Drivers/STM32F1xx_HAL_Driver/Src/stm32f1xx_hal_pwr.o
 .ARM.attributes
                0x000000000000017c       0x33 Drivers/STM32F1xx_HAL_Driver/Src/stm32f1xx_hal_rcc.o
 .ARM.attributes
                0x00000000000001af       0x33 Drivers/STM32F1xx_HAL_Driver/Src/stm32f1xx_hal_rcc_ex.o
 .ARM.attributes
                0x00000000000001e2       0x33 Drivers/STM32F1xx_HAL_Driver/Src/stm32f1xx_hal_spi.o
 .ARM.attributes
                0x0000000000000215       0x33 Drivers/STM32F1xx_HAL_Driver/Src/stm32f1xx_hal_tim.o
 .ARM.attributes
                0x0000000000000248       0x33 Drivers/STM32F1xx_HAL_Driver/Src/stm32f1xx_hal_tim_ex.o
 .ARM.attributes
                0x000000000000027b       0x33 Src/APP_BINGO.o
 .ARM.attributes
                0x00000000000002ae       0x33 Src/APP_CHRONO.o
 .ARM.attributes
                0x00000000000002e1       0x33 Src/APP_FUNCTION.o
 .ARM.attributes
                0x0000000000000314       0x33 Src/APP_SCORE.o
 .ARM.attributes
                0x0000000000000347       0x33 Src/BMP_DISK32.o
 .ARM.attributes
                0x000000000000037a       0x33 Src/BMP_DISK64.o
 .ARM.attributes
                0x00000000000003ad       0x33 Src/FONT_alpha_lg.o
 .ARM.attributes
                0x00000000000003e0       0x33 Src/FONT_alpha_tny.o
 .ARM.attributes
                0x0000000000000413       0x33 Src/FONT_number_lg.o
 .ARM.attributes
                0x0000000000000446       0x33 Src/FONT_number_ss.o
 .ARM.attributes
                0x0000000000000479       0x33 Src/FONT_number_tny.o
 .ARM.attributes
                0x00000000000004ac       0x33 Src/FONT_number_xg.o
 .ARM.attributes
                0x00000000000004df       0x33 Src/KEY_BUZZ_BATT.o
 .ARM.attributes
                0x0000000000000512       0x33 Src/LCD_ST7735.o
 .ARM.attributes
                0x0000000000000545       0x33 Src/main.o
 .ARM.attributes
                0x0000000000000578       0x33 Src/stm32f1xx_hal_msp.o
 .ARM.attributes
                0x00000000000005ab       0x33 Src/stm32f1xx_it.o
 .ARM.attributes
                0x00000000000005de       0x33 Src/sysmem.o
 .ARM.attributes
                0x0000000000000611       0x33 Src/system_stm32f1xx.o
 .ARM.attributes
                0x0000000000000644       0x21 Startup/startup_stm32f103c8tx.o
 .ARM.attributes
                0x0000000000000665       0x2d c:/st/stm32cubeide_1.0.2/stm32cubeide/plugins/com.st.stm32cube.ide.mcu.externaltools.gnu-tools-for-stm32.7-2018-q2-update.win32_1.0.0.201904181610/tools/bin/../lib/gcc/arm-none-eabi/7.3.1/../../../../arm-none-eabi/lib/thumb/v7-m\libc_nano.a(lib_a-errno.o)
 .ARM.attributes
                0x0000000000000692       0x2d c:/st/stm32cubeide_1.0.2/stm32cubeide/plugins/com.st.stm32cube.ide.mcu.externaltools.gnu-tools-for-stm32.7-2018-q2-update.win32_1.0.0.201904181610/tools/bin/../lib/gcc/arm-none-eabi/7.3.1/../../../../arm-none-eabi/lib/thumb/v7-m\libc_nano.a(lib_a-impure.o)
 .ARM.attributes
                0x00000000000006bf       0x2d c:/st/stm32cubeide_1.0.2/stm32cubeide/plugins/com.st.stm32cube.ide.mcu.externaltools.gnu-tools-for-stm32.7-2018-q2-update.win32_1.0.0.201904181610/tools/bin/../lib/gcc/arm-none-eabi/7.3.1/../../../../arm-none-eabi/lib/thumb/v7-m\libc_nano.a(lib_a-init.o)
 .ARM.attributes
                0x00000000000006ec       0x2d c:/st/stm32cubeide_1.0.2/stm32cubeide/plugins/com.st.stm32cube.ide.mcu.externaltools.gnu-tools-for-stm32.7-2018-q2-update.win32_1.0.0.201904181610/tools/bin/../lib/gcc/arm-none-eabi/7.3.1/../../../../arm-none-eabi/lib/thumb/v7-m\libc_nano.a(lib_a-memset.o)
 .ARM.attributes
                0x0000000000000719       0x2d c:/st/stm32cubeide_1.0.2/stm32cubeide/plugins/com.st.stm32cube.ide.mcu.externaltools.gnu-tools-for-stm32.7-2018-q2-update.win32_1.0.0.201904181610/tools/bin/../lib/gcc/arm-none-eabi/7.3.1/../../../../arm-none-eabi/lib/thumb/v7-m\libc_nano.a(lib_a-rand.o)
 .ARM.attributes
                0x0000000000000746       0x2d c:/st/stm32cubeide_1.0.2/stm32cubeide/plugins/com.st.stm32cube.ide.mcu.externaltools.gnu-tools-for-stm32.7-2018-q2-update.win32_1.0.0.201904181610/tools/bin/../lib/gcc/arm-none-eabi/7.3.1/../../../../arm-none-eabi/lib/thumb/v7-m\libc_nano.a(lib_a-malloc.o)
 .ARM.attributes
                0x0000000000000773       0x2d c:/st/stm32cubeide_1.0.2/stm32cubeide/plugins/com.st.stm32cube.ide.mcu.externaltools.gnu-tools-for-stm32.7-2018-q2-update.win32_1.0.0.201904181610/tools/bin/../lib/gcc/arm-none-eabi/7.3.1/../../../../arm-none-eabi/lib/thumb/v7-m\libc_nano.a(lib_a-nano-mallocr.o)
 .ARM.attributes
                0x00000000000007a0       0x2d c:/st/stm32cubeide_1.0.2/stm32cubeide/plugins/com.st.stm32cube.ide.mcu.externaltools.gnu-tools-for-stm32.7-2018-q2-update.win32_1.0.0.201904181610/tools/bin/../lib/gcc/arm-none-eabi/7.3.1/../../../../arm-none-eabi/lib/thumb/v7-m\libc_nano.a(lib_a-sbrkr.o)
 .ARM.attributes
                0x00000000000007cd       0x2d c:/st/stm32cubeide_1.0.2/stm32cubeide/plugins/com.st.stm32cube.ide.mcu.externaltools.gnu-tools-for-stm32.7-2018-q2-update.win32_1.0.0.201904181610/tools/bin/../lib/gcc/arm-none-eabi/7.3.1/../../../../arm-none-eabi/lib/thumb/v7-m\libc_nano.a(lib_a-mlock.o)
 .ARM.attributes
                0x00000000000007fa       0x2d c:/st/stm32cubeide_1.0.2/stm32cubeide/plugins/com.st.stm32cube.ide.mcu.externaltools.gnu-tools-for-stm32.7-2018-q2-update.win32_1.0.0.201904181610/tools/bin/../lib/gcc/arm-none-eabi/7.3.1/../../../../arm-none-eabi/lib/thumb/v7-m\libc_nano.a(lib_a-reent.o)
 .ARM.attributes
                0x0000000000000827       0x1d c:/st/stm32cubeide_1.0.2/stm32cubeide/plugins/com.st.stm32cube.ide.mcu.externaltools.gnu-tools-for-stm32.7-2018-q2-update.win32_1.0.0.201904181610/tools/bin/../lib/gcc/arm-none-eabi/7.3.1/thumb/v7-m/crtn.o
OUTPUT(BGB2019.elf elf32-littlearm)

.debug_info     0x0000000000000000    0x13e18
 .debug_info    0x0000000000000000      0x6fe Drivers/STM32F1xx_HAL_Driver/Src/stm32f1xx_hal.o
 .debug_info    0x00000000000006fe      0xc61 Drivers/STM32F1xx_HAL_Driver/Src/stm32f1xx_hal_adc.o
 .debug_info    0x000000000000135f      0xb46 Drivers/STM32F1xx_HAL_Driver/Src/stm32f1xx_hal_cortex.o
 .debug_info    0x0000000000001ea5      0x7a6 Drivers/STM32F1xx_HAL_Driver/Src/stm32f1xx_hal_dma.o
 .debug_info    0x000000000000264b      0x681 Drivers/STM32F1xx_HAL_Driver/Src/stm32f1xx_hal_gpio.o
 .debug_info    0x0000000000002ccc      0x6d7 Drivers/STM32F1xx_HAL_Driver/Src/stm32f1xx_hal_pwr.o
 .debug_info    0x00000000000033a3      0x804 Drivers/STM32F1xx_HAL_Driver/Src/stm32f1xx_hal_rcc.o
 .debug_info    0x0000000000003ba7      0x439 Drivers/STM32F1xx_HAL_Driver/Src/stm32f1xx_hal_rcc_ex.o
 .debug_info    0x0000000000003fe0     0x153a Drivers/STM32F1xx_HAL_Driver/Src/stm32f1xx_hal_spi.o
 .debug_info    0x000000000000551a     0x2456 Drivers/STM32F1xx_HAL_Driver/Src/stm32f1xx_hal_tim.o
 .debug_info    0x0000000000007970     0x1104 Drivers/STM32F1xx_HAL_Driver/Src/stm32f1xx_hal_tim_ex.o
 .debug_info    0x0000000000008a74      0xd69 Src/APP_BINGO.o
 .debug_info    0x00000000000097dd     0x1253 Src/APP_CHRONO.o
 .debug_info    0x000000000000aa30      0xede Src/APP_FUNCTION.o
 .debug_info    0x000000000000b90e      0xc71 Src/APP_SCORE.o
 .debug_info    0x000000000000c57f      0x22c Src/BMP_DISK32.o
 .debug_info    0x000000000000c7ab      0x22d Src/BMP_DISK64.o
 .debug_info    0x000000000000c9d8      0x23d Src/FONT_alpha_lg.o
 .debug_info    0x000000000000cc15      0x23d Src/FONT_alpha_tny.o
 .debug_info    0x000000000000ce52      0x244 Src/FONT_number_lg.o
 .debug_info    0x000000000000d096      0x23d Src/FONT_number_ss.o
 .debug_info    0x000000000000d2d3      0x23d Src/FONT_number_tny.o
 .debug_info    0x000000000000d510      0x23d Src/FONT_number_xg.o
 .debug_info    0x000000000000d74d     0x16c0 Src/KEY_BUZZ_BATT.o
 .debug_info    0x000000000000ee0d      0xe58 Src/LCD_ST7735.o
 .debug_info    0x000000000000fc65     0x1d82 Src/main.o
 .debug_info    0x00000000000119e7      0xfe5 Src/stm32f1xx_hal_msp.o
 .debug_info    0x00000000000129cc      0x6db Src/stm32f1xx_it.o
 .debug_info    0x00000000000130a7      0x91c Src/sysmem.o
 .debug_info    0x00000000000139c3      0x433 Src/system_stm32f1xx.o
 .debug_info    0x0000000000013df6       0x22 Startup/startup_stm32f103c8tx.o

.debug_abbrev   0x0000000000000000     0x34fe
 .debug_abbrev  0x0000000000000000      0x1d8 Drivers/STM32F1xx_HAL_Driver/Src/stm32f1xx_hal.o
 .debug_abbrev  0x00000000000001d8      0x1d5 Drivers/STM32F1xx_HAL_Driver/Src/stm32f1xx_hal_adc.o
 .debug_abbrev  0x00000000000003ad      0x2d5 Drivers/STM32F1xx_HAL_Driver/Src/stm32f1xx_hal_cortex.o
 .debug_abbrev  0x0000000000000682      0x1fe Drivers/STM32F1xx_HAL_Driver/Src/stm32f1xx_hal_dma.o
 .debug_abbrev  0x0000000000000880      0x1c0 Drivers/STM32F1xx_HAL_Driver/Src/stm32f1xx_hal_gpio.o
 .debug_abbrev  0x0000000000000a40      0x1f2 Drivers/STM32F1xx_HAL_Driver/Src/stm32f1xx_hal_pwr.o
 .debug_abbrev  0x0000000000000c32      0x243 Drivers/STM32F1xx_HAL_Driver/Src/stm32f1xx_hal_rcc.o
 .debug_abbrev  0x0000000000000e75      0x175 Drivers/STM32F1xx_HAL_Driver/Src/stm32f1xx_hal_rcc_ex.o
 .debug_abbrev  0x0000000000000fea      0x240 Drivers/STM32F1xx_HAL_Driver/Src/stm32f1xx_hal_spi.o
 .debug_abbrev  0x000000000000122a      0x230 Drivers/STM32F1xx_HAL_Driver/Src/stm32f1xx_hal_tim.o
 .debug_abbrev  0x000000000000145a      0x21e Drivers/STM32F1xx_HAL_Driver/Src/stm32f1xx_hal_tim_ex.o
 .debug_abbrev  0x0000000000001678      0x274 Src/APP_BINGO.o
 .debug_abbrev  0x00000000000018ec      0x26b Src/APP_CHRONO.o
 .debug_abbrev  0x0000000000001b57      0x2c4 Src/APP_FUNCTION.o
 .debug_abbrev  0x0000000000001e1b      0x210 Src/APP_SCORE.o
 .debug_abbrev  0x000000000000202b       0xd5 Src/BMP_DISK32.o
 .debug_abbrev  0x0000000000002100       0xde Src/BMP_DISK64.o
 .debug_abbrev  0x00000000000021de       0xda Src/FONT_alpha_lg.o
 .debug_abbrev  0x00000000000022b8       0xda Src/FONT_alpha_tny.o
 .debug_abbrev  0x0000000000002392       0xde Src/FONT_number_lg.o
 .debug_abbrev  0x0000000000002470       0xda Src/FONT_number_ss.o
 .debug_abbrev  0x000000000000254a       0xda Src/FONT_number_tny.o
 .debug_abbrev  0x0000000000002624       0xda Src/FONT_number_xg.o
 .debug_abbrev  0x00000000000026fe      0x2fa Src/KEY_BUZZ_BATT.o
 .debug_abbrev  0x00000000000029f8      0x211 Src/LCD_ST7735.o
 .debug_abbrev  0x0000000000002c09      0x2bc Src/main.o
 .debug_abbrev  0x0000000000002ec5      0x1de Src/stm32f1xx_hal_msp.o
 .debug_abbrev  0x00000000000030a3      0x15a Src/stm32f1xx_it.o
 .debug_abbrev  0x00000000000031fd      0x1bb Src/sysmem.o
 .debug_abbrev  0x00000000000033b8      0x134 Src/system_stm32f1xx.o
 .debug_abbrev  0x00000000000034ec       0x12 Startup/startup_stm32f103c8tx.o

.debug_aranges  0x0000000000000000     0x1178
 .debug_aranges
                0x0000000000000000       0xe0 Drivers/STM32F1xx_HAL_Driver/Src/stm32f1xx_hal.o
 .debug_aranges
                0x00000000000000e0       0xf0 Drivers/STM32F1xx_HAL_Driver/Src/stm32f1xx_hal_adc.o
 .debug_aranges
                0x00000000000001d0      0x100 Drivers/STM32F1xx_HAL_Driver/Src/stm32f1xx_hal_cortex.o
 .debug_aranges
                0x00000000000002d0       0x80 Drivers/STM32F1xx_HAL_Driver/Src/stm32f1xx_hal_dma.o
 .debug_aranges
                0x0000000000000350       0x58 Drivers/STM32F1xx_HAL_Driver/Src/stm32f1xx_hal_gpio.o
 .debug_aranges
                0x00000000000003a8       0xa8 Drivers/STM32F1xx_HAL_Driver/Src/stm32f1xx_hal_pwr.o
 .debug_aranges
                0x0000000000000450       0x90 Drivers/STM32F1xx_HAL_Driver/Src/stm32f1xx_hal_rcc.o
 .debug_aranges
                0x00000000000004e0       0x30 Drivers/STM32F1xx_HAL_Driver/Src/stm32f1xx_hal_rcc_ex.o
 .debug_aranges
                0x0000000000000510      0x1d0 Drivers/STM32F1xx_HAL_Driver/Src/stm32f1xx_hal_spi.o
 .debug_aranges
                0x00000000000006e0      0x3a8 Drivers/STM32F1xx_HAL_Driver/Src/stm32f1xx_hal_tim.o
 .debug_aranges
                0x0000000000000a88      0x150 Drivers/STM32F1xx_HAL_Driver/Src/stm32f1xx_hal_tim_ex.o
 .debug_aranges
                0x0000000000000bd8       0x78 Src/APP_BINGO.o
 .debug_aranges
                0x0000000000000c50       0xc0 Src/APP_CHRONO.o
 .debug_aranges
                0x0000000000000d10       0x70 Src/APP_FUNCTION.o
 .debug_aranges
                0x0000000000000d80       0x30 Src/APP_SCORE.o
 .debug_aranges
                0x0000000000000db0       0x18 Src/BMP_DISK32.o
 .debug_aranges
                0x0000000000000dc8       0x18 Src/BMP_DISK64.o
 .debug_aranges
                0x0000000000000de0       0x18 Src/FONT_alpha_lg.o
 .debug_aranges
                0x0000000000000df8       0x18 Src/FONT_alpha_tny.o
 .debug_aranges
                0x0000000000000e10       0x18 Src/FONT_number_lg.o
 .debug_aranges
                0x0000000000000e28       0x18 Src/FONT_number_ss.o
 .debug_aranges
                0x0000000000000e40       0x18 Src/FONT_number_tny.o
 .debug_aranges
                0x0000000000000e58       0x18 Src/FONT_number_xg.o
 .debug_aranges
                0x0000000000000e70       0x98 Src/KEY_BUZZ_BATT.o
 .debug_aranges
                0x0000000000000f08       0xb0 Src/LCD_ST7735.o
 .debug_aranges
                0x0000000000000fb8       0x80 Src/main.o
 .debug_aranges
                0x0000000000001038       0x58 Src/stm32f1xx_hal_msp.o
 .debug_aranges
                0x0000000000001090       0x78 Src/stm32f1xx_it.o
 .debug_aranges
                0x0000000000001108       0x20 Src/sysmem.o
 .debug_aranges
                0x0000000000001128       0x28 Src/system_stm32f1xx.o
 .debug_aranges
                0x0000000000001150       0x28 Startup/startup_stm32f103c8tx.o

.debug_ranges   0x0000000000000000      0xf50
 .debug_ranges  0x0000000000000000       0xd0 Drivers/STM32F1xx_HAL_Driver/Src/stm32f1xx_hal.o
 .debug_ranges  0x00000000000000d0       0xe0 Drivers/STM32F1xx_HAL_Driver/Src/stm32f1xx_hal_adc.o
 .debug_ranges  0x00000000000001b0       0xf0 Drivers/STM32F1xx_HAL_Driver/Src/stm32f1xx_hal_cortex.o
 .debug_ranges  0x00000000000002a0       0x70 Drivers/STM32F1xx_HAL_Driver/Src/stm32f1xx_hal_dma.o
 .debug_ranges  0x0000000000000310       0x48 Drivers/STM32F1xx_HAL_Driver/Src/stm32f1xx_hal_gpio.o
 .debug_ranges  0x0000000000000358       0x98 Drivers/STM32F1xx_HAL_Driver/Src/stm32f1xx_hal_pwr.o
 .debug_ranges  0x00000000000003f0       0x80 Drivers/STM32F1xx_HAL_Driver/Src/stm32f1xx_hal_rcc.o
 .debug_ranges  0x0000000000000470       0x20 Drivers/STM32F1xx_HAL_Driver/Src/stm32f1xx_hal_rcc_ex.o
 .debug_ranges  0x0000000000000490      0x1c0 Drivers/STM32F1xx_HAL_Driver/Src/stm32f1xx_hal_spi.o
 .debug_ranges  0x0000000000000650      0x398 Drivers/STM32F1xx_HAL_Driver/Src/stm32f1xx_hal_tim.o
 .debug_ranges  0x00000000000009e8      0x140 Drivers/STM32F1xx_HAL_Driver/Src/stm32f1xx_hal_tim_ex.o
 .debug_ranges  0x0000000000000b28       0x68 Src/APP_BINGO.o
 .debug_ranges  0x0000000000000b90       0xb0 Src/APP_CHRONO.o
 .debug_ranges  0x0000000000000c40       0x60 Src/APP_FUNCTION.o
 .debug_ranges  0x0000000000000ca0       0x20 Src/APP_SCORE.o
 .debug_ranges  0x0000000000000cc0       0x88 Src/KEY_BUZZ_BATT.o
 .debug_ranges  0x0000000000000d48       0xa0 Src/LCD_ST7735.o
 .debug_ranges  0x0000000000000de8       0x70 Src/main.o
 .debug_ranges  0x0000000000000e58       0x48 Src/stm32f1xx_hal_msp.o
 .debug_ranges  0x0000000000000ea0       0x68 Src/stm32f1xx_it.o
 .debug_ranges  0x0000000000000f08       0x10 Src/sysmem.o
 .debug_ranges  0x0000000000000f18       0x18 Src/system_stm32f1xx.o
 .debug_ranges  0x0000000000000f30       0x20 Startup/startup_stm32f103c8tx.o

.debug_macro    0x0000000000000000    0x17743
 .debug_macro   0x0000000000000000      0x1d2 Drivers/STM32F1xx_HAL_Driver/Src/stm32f1xx_hal.o
 .debug_macro   0x00000000000001d2      0xa5a Drivers/STM32F1xx_HAL_Driver/Src/stm32f1xx_hal.o
 .debug_macro   0x0000000000000c2c      0x227 Drivers/STM32F1xx_HAL_Driver/Src/stm32f1xx_hal.o
 .debug_macro   0x0000000000000e53       0x2e Drivers/STM32F1xx_HAL_Driver/Src/stm32f1xx_hal.o
 .debug_macro   0x0000000000000e81       0x22 Drivers/STM32F1xx_HAL_Driver/Src/stm32f1xx_hal.o
 .debug_macro   0x0000000000000ea3       0x22 Drivers/STM32F1xx_HAL_Driver/Src/stm32f1xx_hal.o
 .debug_macro   0x0000000000000ec5       0x8e Drivers/STM32F1xx_HAL_Driver/Src/stm32f1xx_hal.o
 .debug_macro   0x0000000000000f53       0x51 Drivers/STM32F1xx_HAL_Driver/Src/stm32f1xx_hal.o
 .debug_macro   0x0000000000000fa4       0xef Drivers/STM32F1xx_HAL_Driver/Src/stm32f1xx_hal.o
 .debug_macro   0x0000000000001093       0x6a Drivers/STM32F1xx_HAL_Driver/Src/stm32f1xx_hal.o
 .debug_macro   0x00000000000010fd      0x1df Drivers/STM32F1xx_HAL_Driver/Src/stm32f1xx_hal.o
 .debug_macro   0x00000000000012dc       0x1c Drivers/STM32F1xx_HAL_Driver/Src/stm32f1xx_hal.o
 .debug_macro   0x00000000000012f8       0x22 Drivers/STM32F1xx_HAL_Driver/Src/stm32f1xx_hal.o
 .debug_macro   0x000000000000131a       0xc3 Drivers/STM32F1xx_HAL_Driver/Src/stm32f1xx_hal.o
 .debug_macro   0x00000000000013dd      0xd23 Drivers/STM32F1xx_HAL_Driver/Src/stm32f1xx_hal.o
 .debug_macro   0x0000000000002100     0xe09e Drivers/STM32F1xx_HAL_Driver/Src/stm32f1xx_hal.o
 .debug_macro   0x000000000001019e       0x43 Drivers/STM32F1xx_HAL_Driver/Src/stm32f1xx_hal.o
 .debug_macro   0x00000000000101e1      0x174 Drivers/STM32F1xx_HAL_Driver/Src/stm32f1xx_hal.o
 .debug_macro   0x0000000000010355       0x5a Drivers/STM32F1xx_HAL_Driver/Src/stm32f1xx_hal.o
 .debug_macro   0x00000000000103af      0x5be Drivers/STM32F1xx_HAL_Driver/Src/stm32f1xx_hal.o
 .debug_macro   0x000000000001096d      0x289 Drivers/STM32F1xx_HAL_Driver/Src/stm32f1xx_hal.o
 .debug_macro   0x0000000000010bf6      0x1cb Drivers/STM32F1xx_HAL_Driver/Src/stm32f1xx_hal.o
 .debug_macro   0x0000000000010dc1      0x114 Drivers/STM32F1xx_HAL_Driver/Src/stm32f1xx_hal.o
 .debug_macro   0x0000000000010ed5      0x1b2 Drivers/STM32F1xx_HAL_Driver/Src/stm32f1xx_hal.o
 .debug_macro   0x0000000000011087       0x27 Drivers/STM32F1xx_HAL_Driver/Src/stm32f1xx_hal.o
 .debug_macro   0x00000000000110ae      0x136 Drivers/STM32F1xx_HAL_Driver/Src/stm32f1xx_hal.o
 .debug_macro   0x00000000000111e4      0x1bc Drivers/STM32F1xx_HAL_Driver/Src/stm32f1xx_hal.o
 .debug_macro   0x00000000000113a0       0x34 Drivers/STM32F1xx_HAL_Driver/Src/stm32f1xx_hal.o
 .debug_macro   0x00000000000113d4       0x3c Drivers/STM32F1xx_HAL_Driver/Src/stm32f1xx_hal.o
 .debug_macro   0x0000000000011410       0x57 Drivers/STM32F1xx_HAL_Driver/Src/stm32f1xx_hal.o
 .debug_macro   0x0000000000011467      0x46a Drivers/STM32F1xx_HAL_Driver/Src/stm32f1xx_hal.o
 .debug_macro   0x00000000000118d1      0x1b5 Drivers/STM32F1xx_HAL_Driver/Src/stm32f1xx_hal.o
 .debug_macro   0x0000000000011a86       0x88 Drivers/STM32F1xx_HAL_Driver/Src/stm32f1xx_hal.o
 .debug_macro   0x0000000000011b0e      0x241 Drivers/STM32F1xx_HAL_Driver/Src/stm32f1xx_hal.o
 .debug_macro   0x0000000000011d4f      0x141 Drivers/STM32F1xx_HAL_Driver/Src/stm32f1xx_hal.o
 .debug_macro   0x0000000000011e90      0x217 Drivers/STM32F1xx_HAL_Driver/Src/stm32f1xx_hal.o
 .debug_macro   0x00000000000120a7      0x88b Drivers/STM32F1xx_HAL_Driver/Src/stm32f1xx_hal.o
 .debug_macro   0x0000000000012932       0x83 Drivers/STM32F1xx_HAL_Driver/Src/stm32f1xx_hal.o
 .debug_macro   0x00000000000129b5      0x1cb Drivers/STM32F1xx_HAL_Driver/Src/stm32f1xx_hal_adc.o
 .debug_macro   0x0000000000012b80      0x1ae Drivers/STM32F1xx_HAL_Driver/Src/stm32f1xx_hal_cortex.o
 .debug_macro   0x0000000000012d2e      0x1ae Drivers/STM32F1xx_HAL_Driver/Src/stm32f1xx_hal_dma.o
 .debug_macro   0x0000000000012edc      0x219 Drivers/STM32F1xx_HAL_Driver/Src/stm32f1xx_hal_gpio.o
 .debug_macro   0x00000000000130f5      0x20e Drivers/STM32F1xx_HAL_Driver/Src/stm32f1xx_hal_pwr.o
 .debug_macro   0x0000000000013303      0x1c0 Drivers/STM32F1xx_HAL_Driver/Src/stm32f1xx_hal_rcc.o
 .debug_macro   0x00000000000134c3      0x1ae Drivers/STM32F1xx_HAL_Driver/Src/stm32f1xx_hal_rcc_ex.o
 .debug_macro   0x0000000000013671      0x1b6 Drivers/STM32F1xx_HAL_Driver/Src/stm32f1xx_hal_spi.o
 .debug_macro   0x0000000000013827      0x1af Drivers/STM32F1xx_HAL_Driver/Src/stm32f1xx_hal_tim.o
 .debug_macro   0x00000000000139d6      0x1ae Drivers/STM32F1xx_HAL_Driver/Src/stm32f1xx_hal_tim_ex.o
 .debug_macro   0x0000000000013b84      0x2e2 Src/APP_BINGO.o
 .debug_macro   0x0000000000013e66      0x1aa Src/APP_BINGO.o
 .debug_macro   0x0000000000014010       0xe8 Src/APP_BINGO.o
 .debug_macro   0x00000000000140f8       0x9a Src/APP_BINGO.o
 .debug_macro   0x0000000000014192       0x18 Src/APP_BINGO.o
 .debug_macro   0x00000000000141aa       0x46 Src/APP_BINGO.o
 .debug_macro   0x00000000000141f0       0x3c Src/APP_BINGO.o
 .debug_macro   0x000000000001422c       0x34 Src/APP_BINGO.o
 .debug_macro   0x0000000000014260       0x16 Src/APP_BINGO.o
 .debug_macro   0x0000000000014276       0x35 Src/APP_BINGO.o
 .debug_macro   0x00000000000142ab       0x52 Src/APP_BINGO.o
 .debug_macro   0x00000000000142fd       0x1f Src/APP_BINGO.o
 .debug_macro   0x000000000001431c       0x43 Src/APP_BINGO.o
 .debug_macro   0x000000000001435f       0x20 Src/APP_BINGO.o
 .debug_macro   0x000000000001437f      0x1a3 Src/APP_BINGO.o
 .debug_macro   0x0000000000014522      0x32a Src/APP_BINGO.o
 .debug_macro   0x000000000001484c       0x16 Src/APP_BINGO.o
 .debug_macro   0x0000000000014862       0x29 Src/APP_BINGO.o
 .debug_macro   0x000000000001488b      0x2cd Src/APP_CHRONO.o
 .debug_macro   0x0000000000014b58       0x4c Src/APP_CHRONO.o
 .debug_macro   0x0000000000014ba4       0x94 Src/APP_CHRONO.o
 .debug_macro   0x0000000000014c38      0x2d6 Src/APP_FUNCTION.o
 .debug_macro   0x0000000000014f0e       0x70 Src/APP_FUNCTION.o
 .debug_macro   0x0000000000014f7e      0x351 Src/APP_SCORE.o
 .debug_macro   0x00000000000152cf       0x16 Src/APP_SCORE.o
 .debug_macro   0x00000000000152e5       0x10 Src/APP_SCORE.o
 .debug_macro   0x00000000000152f5       0x10 Src/APP_SCORE.o
 .debug_macro   0x0000000000015305       0x1c Src/APP_SCORE.o
 .debug_macro   0x0000000000015321       0x52 Src/APP_SCORE.o
 .debug_macro   0x0000000000015373       0x40 Src/APP_SCORE.o
 .debug_macro   0x00000000000153b3       0x10 Src/APP_SCORE.o
 .debug_macro   0x00000000000153c3       0x40 Src/APP_SCORE.o
 .debug_macro   0x0000000000015403       0xd7 Src/APP_SCORE.o
 .debug_macro   0x00000000000154da       0x1c Src/APP_SCORE.o
 .debug_macro   0x00000000000154f6       0x3d Src/APP_SCORE.o
 .debug_macro   0x0000000000015533       0x16 Src/APP_SCORE.o
 .debug_macro   0x0000000000015549      0x145 Src/APP_SCORE.o
 .debug_macro   0x000000000001568e      0x1d0 Src/BMP_DISK32.o
 .debug_macro   0x000000000001585e      0x1d0 Src/BMP_DISK64.o
 .debug_macro   0x0000000000015a2e      0x1d0 Src/FONT_alpha_lg.o
 .debug_macro   0x0000000000015bfe      0x1d0 Src/FONT_alpha_tny.o
 .debug_macro   0x0000000000015dce      0x1d4 Src/FONT_number_lg.o
 .debug_macro   0x0000000000015fa2      0x1d0 Src/FONT_number_ss.o
 .debug_macro   0x0000000000016172      0x1d0 Src/FONT_number_tny.o
 .debug_macro   0x0000000000016342      0x1d0 Src/FONT_number_xg.o
 .debug_macro   0x0000000000016512      0x288 Src/KEY_BUZZ_BATT.o
 .debug_macro   0x000000000001679a      0x1b0 Src/KEY_BUZZ_BATT.o
 .debug_macro   0x000000000001694a       0x40 Src/KEY_BUZZ_BATT.o
 .debug_macro   0x000000000001698a      0x1cc Src/LCD_ST7735.o
 .debug_macro   0x0000000000016b56      0x2cc Src/main.o
 .debug_macro   0x0000000000016e22      0x1bd Src/stm32f1xx_hal_msp.o
 .debug_macro   0x0000000000016fdf      0x1c7 Src/stm32f1xx_it.o
 .debug_macro   0x00000000000171a6      0x1ae Src/sysmem.o
 .debug_macro   0x0000000000017354      0x23b Src/sysmem.o
 .debug_macro   0x000000000001758f      0x1b4 Src/system_stm32f1xx.o

.debug_line     0x0000000000000000    0x119cd
 .debug_line    0x0000000000000000      0x83a Drivers/STM32F1xx_HAL_Driver/Src/stm32f1xx_hal.o
 .debug_line    0x000000000000083a      0xb8c Drivers/STM32F1xx_HAL_Driver/Src/stm32f1xx_hal_adc.o
 .debug_line    0x00000000000013c6      0x913 Drivers/STM32F1xx_HAL_Driver/Src/stm32f1xx_hal_cortex.o
 .debug_line    0x0000000000001cd9      0xaa1 Drivers/STM32F1xx_HAL_Driver/Src/stm32f1xx_hal_dma.o
 .debug_line    0x000000000000277a      0x83a Drivers/STM32F1xx_HAL_Driver/Src/stm32f1xx_hal_gpio.o
 .debug_line    0x0000000000002fb4      0x7df Drivers/STM32F1xx_HAL_Driver/Src/stm32f1xx_hal_pwr.o
 .debug_line    0x0000000000003793      0x8fc Drivers/STM32F1xx_HAL_Driver/Src/stm32f1xx_hal_rcc.o
 .debug_line    0x000000000000408f      0x71a Drivers/STM32F1xx_HAL_Driver/Src/stm32f1xx_hal_rcc_ex.o
 .debug_line    0x00000000000047a9     0x1008 Drivers/STM32F1xx_HAL_Driver/Src/stm32f1xx_hal_spi.o
 .debug_line    0x00000000000057b1     0x1700 Drivers/STM32F1xx_HAL_Driver/Src/stm32f1xx_hal_tim.o
 .debug_line    0x0000000000006eb1      0xc4d Drivers/STM32F1xx_HAL_Driver/Src/stm32f1xx_hal_tim_ex.o
 .debug_line    0x0000000000007afe      0xcce Src/APP_BINGO.o
 .debug_line    0x00000000000087cc     0x112f Src/APP_CHRONO.o
 .debug_line    0x00000000000098fb      0xabb Src/APP_FUNCTION.o
 .debug_line    0x000000000000a3b6      0x9fa Src/APP_SCORE.o
 .debug_line    0x000000000000adb0      0x662 Src/BMP_DISK32.o
 .debug_line    0x000000000000b412      0x662 Src/BMP_DISK64.o
 .debug_line    0x000000000000ba74      0x668 Src/FONT_alpha_lg.o
 .debug_line    0x000000000000c0dc      0x66a Src/FONT_alpha_tny.o
 .debug_line    0x000000000000c746      0x66a Src/FONT_number_lg.o
 .debug_line    0x000000000000cdb0      0x66a Src/FONT_number_ss.o
 .debug_line    0x000000000000d41a      0x66c Src/FONT_number_tny.o
 .debug_line    0x000000000000da86      0x66a Src/FONT_number_xg.o
 .debug_line    0x000000000000e0f0      0xa37 Src/KEY_BUZZ_BATT.o
 .debug_line    0x000000000000eb27      0x9b3 Src/LCD_ST7735.o
 .debug_line    0x000000000000f4da      0xa43 Src/main.o
 .debug_line    0x000000000000ff1d      0x713 Src/stm32f1xx_hal_msp.o
 .debug_line    0x0000000000010630      0x738 Src/stm32f1xx_it.o
 .debug_line    0x0000000000010d68      0x559 Src/sysmem.o
 .debug_line    0x00000000000112c1      0x68d Src/system_stm32f1xx.o
 .debug_line    0x000000000001194e       0x7f Startup/startup_stm32f103c8tx.o

.debug_str      0x0000000000000000    0x78547
 .debug_str     0x0000000000000000    0x6ef30 Drivers/STM32F1xx_HAL_Driver/Src/stm32f1xx_hal.o
                                      0x6f283 (size before relaxing)
 .debug_str     0x000000000006ef30      0x66c Drivers/STM32F1xx_HAL_Driver/Src/stm32f1xx_hal_adc.o
                                      0x6f288 (size before relaxing)
 .debug_str     0x000000000006f59c      0x326 Drivers/STM32F1xx_HAL_Driver/Src/stm32f1xx_hal_cortex.o
                                      0x6f291 (size before relaxing)
 .debug_str     0x000000000006f8c2      0x23f Drivers/STM32F1xx_HAL_Driver/Src/stm32f1xx_hal_dma.o
                                      0x6efd3 (size before relaxing)
 .debug_str     0x000000000006fb01      0x3a4 Drivers/STM32F1xx_HAL_Driver/Src/stm32f1xx_hal_gpio.o
                                      0x6efbc (size before relaxing)
 .debug_str     0x000000000006fea5      0x519 Drivers/STM32F1xx_HAL_Driver/Src/stm32f1xx_hal_pwr.o
                                      0x6f15b (size before relaxing)
 .debug_str     0x00000000000703be      0x367 Drivers/STM32F1xx_HAL_Driver/Src/stm32f1xx_hal_rcc.o
                                      0x6eff5 (size before relaxing)
 .debug_str     0x0000000000070725      0x12b Drivers/STM32F1xx_HAL_Driver/Src/stm32f1xx_hal_rcc_ex.o
                                      0x6ed82 (size before relaxing)
 .debug_str     0x0000000000070850      0x708 Drivers/STM32F1xx_HAL_Driver/Src/stm32f1xx_hal_spi.o
                                      0x6f4e3 (size before relaxing)
 .debug_str     0x0000000000070f58      0xfb7 Drivers/STM32F1xx_HAL_Driver/Src/stm32f1xx_hal_tim.o
                                      0x6fdc0 (size before relaxing)
 .debug_str     0x0000000000071f0f      0x579 Drivers/STM32F1xx_HAL_Driver/Src/stm32f1xx_hal_tim_ex.o
                                      0x6f5c0 (size before relaxing)
 .debug_str     0x0000000000072488     0x3be2 Src/APP_BINGO.o
                                      0x727cf (size before relaxing)
 .debug_str     0x000000000007606a      0x442 Src/APP_CHRONO.o
                                      0x729f5 (size before relaxing)
 .debug_str     0x00000000000764ac      0x20b Src/APP_FUNCTION.o
                                      0x729a7 (size before relaxing)
 .debug_str     0x00000000000766b7     0x123a Src/APP_SCORE.o
                                      0x737b0 (size before relaxing)
 .debug_str     0x00000000000778f1       0x14 Src/BMP_DISK32.o
                                      0x6f522 (size before relaxing)
 .debug_str     0x0000000000077905       0x14 Src/BMP_DISK64.o
                                      0x6f520 (size before relaxing)
 .debug_str     0x0000000000077919       0x29 Src/FONT_alpha_lg.o
                                      0x6f53b (size before relaxing)
 .debug_str     0x0000000000077942       0x2b Src/FONT_alpha_tny.o
                                      0x6f53f (size before relaxing)
 .debug_str     0x000000000007796d       0x22 Src/FONT_number_lg.o
                                      0x6f532 (size before relaxing)
 .debug_str     0x000000000007798f       0x23 Src/FONT_number_ss.o
                                      0x6f52c (size before relaxing)
 .debug_str     0x00000000000779b2       0x26 Src/FONT_number_tny.o
                                      0x6f532 (size before relaxing)
 .debug_str     0x00000000000779d8       0x23 Src/FONT_number_xg.o
                                      0x6f52c (size before relaxing)
 .debug_str     0x00000000000779fb      0x1f5 Src/KEY_BUZZ_BATT.o
                                      0x72f51 (size before relaxing)
 .debug_str     0x0000000000077bf0      0x192 Src/LCD_ST7735.o
                                      0x6fa9d (size before relaxing)
 .debug_str     0x0000000000077d82      0x130 Src/main.o
                                      0x736c8 (size before relaxing)
 .debug_str     0x0000000000077eb2       0x39 Src/stm32f1xx_hal_msp.o
                                      0x6fcc8 (size before relaxing)
 .debug_str     0x0000000000077eeb       0xf6 Src/stm32f1xx_it.o
                                      0x6f64b (size before relaxing)
 .debug_str     0x0000000000077fe1      0x4cc Src/sysmem.o
                                       0x7ab5 (size before relaxing)
 .debug_str     0x00000000000784ad       0x69 Src/system_stm32f1xx.o
                                      0x6ec6d (size before relaxing)
 .debug_str     0x0000000000078516       0x31 Startup/startup_stm32f103c8tx.o
                                         0x5a (size before relaxing)

.comment        0x0000000000000000       0x7b
 .comment       0x0000000000000000       0x7b Drivers/STM32F1xx_HAL_Driver/Src/stm32f1xx_hal.o
                                         0x7c (size before relaxing)
 .comment       0x000000000000007b       0x7c Drivers/STM32F1xx_HAL_Driver/Src/stm32f1xx_hal_adc.o
 .comment       0x000000000000007b       0x7c Drivers/STM32F1xx_HAL_Driver/Src/stm32f1xx_hal_cortex.o
 .comment       0x000000000000007b       0x7c Drivers/STM32F1xx_HAL_Driver/Src/stm32f1xx_hal_dma.o
 .comment       0x000000000000007b       0x7c Drivers/STM32F1xx_HAL_Driver/Src/stm32f1xx_hal_gpio.o