APP_CHRONO.c:81:6:HOURGLASS	48	static
APP_CHRONO.c:574:6:HG_REDRAW	24	static
APP_CHRONO.c:603:6:DRAW_HOURGLASS	40	static
APP_CHRONO.c:640:6:DRAW_HOURGLASS_H	32	static
APP_CHRONO.c:676:6:UPD_HGLVL_TP	40	static
APP_CHRONO.c:707:6:UPD_HGLVL_BT	40	static
APP_CHRONO.c:726:6:CHESS	24	static
APP_CHRONO.c:1181:6:RTIMER	24	static
APP_CHRONO.c:1481:6:CHRONOGRAPH	8	static
APP_CHRONO.c:1619:6:DRAWFLAG	24	static
APP_CHRONO.c:1655:6:BARGRAPH	40	static
APP_CHRONO.c:1675:6:CHESS_REDRAW	32	static
APP_CHRONO.c:1738:6:RT_REDRAW	16	static
APP_CHRONO.c:1765:6:CHR_REDRAW	16	static
APP_CHRONO.c:1782:6:CHR_STARTIME	16	static
APP_CHRONO.c:1795:6:CHR_DELAY_SS	16	static
APP_CHRONO.c:1813:6:CHR_MMSS	32	static
APP_CHRONO.c:1868:6:CHR_HMMSS_V	16	static
APP_CHRONO.c:1901:6:CHR_HHMMSS	24	static
APP_CHRONO.c:1947:6:CHR_LAPS	16	static
APP_CHRONO.c:1987:6:CNT_TO_HMS	24	static
