APP_CHRONO.c:80:6:HOURGLASS	48	static
APP_CHRONO.c:573:6:HG_REDRAW	24	static
APP_CHRONO.c:602:6:DRAW_HOURGLASS	40	static
APP_CHRONO.c:639:6:DRAW_HOURGLASS_H	32	static
APP_CHRONO.c:675:6:UPD_HGLVL_TP	40	static
APP_CHRONO.c:706:6:UPD_HGLVL_BT	40	static
APP_CHRONO.c:725:6:CHESS	24	static
APP_CHRONO.c:1180:6:RTIMER	24	static
APP_CHRONO.c:1480:6:CHRONOGRAPH	8	static
APP_CHRONO.c:1615:6:DRAWFLAG	24	static
APP_CHRONO.c:1651:6:BARGRAPH	40	static
APP_CHRONO.c:1671:6:CHESS_REDRAW	32	static
APP_CHRONO.c:1734:6:RT_REDRAW	16	static
APP_CHRONO.c:1761:6:CHR_REDRAW	16	static
APP_CHRONO.c:1778:6:CHR_STARTIME	16	static
APP_CHRONO.c:1791:6:CHR_DELAY_SS	16	static
APP_CHRONO.c:1809:6:CHR_MMSS	32	static
APP_CHRONO.c:1864:6:CHR_HMMSS_V	16	static
APP_CHRONO.c:1897:6:CHR_HHMMSS	24	static
APP_CHRONO.c:1943:6:CHR_LAPS	16	static
APP_CHRONO.c:1983:6:CNT_TO_HMS	24	static
