KEY_BUZZ_BATT.c:28:6:DISPLAY_BATT	24	static
KEY_BUZZ_BATT.c:48:6:CHECK_BATT	8	static
KEY_BUZZ_BATT.c:116:6:START_CHECK_BATT	4	static
KEY_BUZZ_BATT.c:124:6:BUZZER	16	static
KEY_BUZZ_BATT.c:137:6:PAUSE	16	static
KEY_BUZZ_BATT.c:149:6:WAIT_A_KEY	8	static
KEY_BUZZ_BATT.c:162:6:WAIT_NO_KEY	8	static
KEY_BUZZ_BATT.c:176:7:GET_KEY_VALUE	16	static
KEY_BUZZ_BATT.c:209:6:GET_KEY	64	static
KEY_BUZZ_BATT.c:328:6:ANY_KEY	24	static
KEY_BUZZ_BATT.c:342:6:ARM_KEY_PLAYER1	24	static
KEY_BUZZ_BATT.c:353:6:DESARM_KEY_PLAYER1	8	static
KEY_BUZZ_BATT.c:359:6:ARM_KEY_PLAYER2	24	static
KEY_BUZZ_BATT.c:367:6:DESARM_KEY_PLAYER2	8	static
KEY_BUZZ_BATT.c:375:6:ARM_KEY_MENU	24	static
KEY_BUZZ_BATT.c:383:6:DESARM_KEY_MENU	8	static
