KEY_BUZZ_BATT.c:28:6:DISPLAY_BATT	24	static
KEY_BUZZ_BATT.c:48:6:CHECK_BATT	8	static
KEY_BUZZ_BATT.c:105:6:START_CHECK_BATT	4	static
KEY_BUZZ_BATT.c:113:6:BUZZER	16	static
KEY_BUZZ_BATT.c:126:6:PAUSE	16	static
KEY_BUZZ_BATT.c:138:6:WAIT_A_KEY	8	static
KEY_BUZZ_BATT.c:151:6:WAIT_NO_KEY	8	static
KEY_BUZZ_BATT.c:165:7:GET_KEY_VALUE	16	static
KEY_BUZZ_BATT.c:198:6:GET_KEY	64	static
KEY_BUZZ_BATT.c:317:6:ANY_KEY	24	static
KEY_BUZZ_BATT.c:331:6:ARM_KEY_PLAYER1	24	static
KEY_BUZZ_BATT.c:342:6:DESARM_KEY_PLAYER1	8	static
KEY_BUZZ_BATT.c:348:6:ARM_KEY_PLAYER2	24	static
KEY_BUZZ_BATT.c:356:6:DESARM_KEY_PLAYER2	8	static
KEY_BUZZ_BATT.c:364:6:ARM_KEY_MENU	24	static
KEY_BUZZ_BATT.c:372:6:DESARM_KEY_MENU	8	static
