LCD_ST7735.c:17:6:LCD_WORD	40	static
LCD_ST7735.c:47:6:LCD_NUMBER	40	static
LCD_ST7735.c:107:6:LCD_CHAR	32	static
LCD_ST7735.c:115:6:LCD_BMP2	40	static
LCD_ST7735.c:161:6:LCD_DISK	56	static
LCD_ST7735.c:196:6:LCD_DOT11	32	static
LCD_ST7735.c:208:6:LCD_FRAME	32	static
LCD_ST7735.c:225:6:LCD_DOTLINE	56	static
LCD_ST7735.c:279:6:LCD_LINE	56	static
LCD_ST7735.c:324:6:LCD_PLOT	16	static
LCD_ST7735.c:335:6:LCD_COLORWINDOW	40	static
LCD_ST7735.c:370:6:LCD_WINDOW	24	static
LCD_ST7735.c:388:6:LCD_INIT	8	static
LCD_ST7735.c:407:6:LCD_CMD	24	static
LCD_ST7735.c:418:6:LCD_DATA	24	static
LCD_ST7735.c:429:6:LCD_spi2_8b	8	static
LCD_ST7735.c:438:6:LCD_spi2_16b	8	static
LCD_ST7735.c:446:6:LCD_TXBYTE	16	static
LCD_ST7735.c:454:6:LCD_TXWORD	24	static
